
连接器　版本8.7.7.220718
Input Object File: D:\HF\MDST\Code\BS66F360C_CTOUCH_V512_HF-SC10B-20250630\BS66F360C_CTOUCH_V512_HF-SC10B\BS66F360C\OUTPUT\MAIN_PROGRAM_V300.OBJ
Input Object File: D:\HF\MDST\Code\BS66F360C_CTOUCH_V512_HF-SC10B-20250630\BS66F360C_CTOUCH_V512_HF-SC10B\BS66F360C\OUTPUT\USER_PROGRAM.OBJ
Input Object File: C:\Users\32880\AppData\Local\Temp\BS66F360C_CTOUCH_V512.OBJ
Input Object File: D:\HF\MDST\Code\BS66F360C_CTOUCH_V512_HF-SC10B-20250630\BS66F360C_CTOUCH_V512_HF-SC10B\BS66F360C\OUTPUT\STARTUP1_L.OBJ
Input Object File: D:\HF\MDST\Code\BS66F360C_CTOUCH_V512_HF-SC10B-20250630\BS66F360C_CTOUCH_V512_HF-SC10B\BS66F360C\OUTPUT\ADC.OBJ
Input Object File: D:\HF\MDST\Code\BS66F360C_CTOUCH_V512_HF-SC10B-20250630\BS66F360C_CTOUCH_V512_HF-SC10B\BS66F360C\OUTPUT\DISPLAY.OBJ
Input Object File: D:\HF\MDST\Code\BS66F360C_CTOUCH_V512_HF-SC10B-20250630\BS66F360C_CTOUCH_V512_HF-SC10B\BS66F360C\OUTPUT\EEPROM.OBJ
Input Object File: D:\HF\MDST\Code\BS66F360C_CTOUCH_V512_HF-SC10B-20250630\BS66F360C_CTOUCH_V512_HF-SC10B\BS66F360C\OUTPUT\FUNCTION.OBJ
Input Object File: D:\HF\MDST\Code\BS66F360C_CTOUCH_V512_HF-SC10B-20250630\BS66F360C_CTOUCH_V512_HF-SC10B\BS66F360C\OUTPUT\INITIAL.OBJ
Input Object File: D:\HF\MDST\Code\BS66F360C_CTOUCH_V512_HF-SC10B-20250630\BS66F360C_CTOUCH_V512_HF-SC10B\BS66F360C\OUTPUT\INTERRUPT.OBJ
Input Object File: D:\HF\MDST\Code\BS66F360C_CTOUCH_V512_HF-SC10B-20250630\BS66F360C_CTOUCH_V512_HF-SC10B\BS66F360C\OUTPUT\KEY.OBJ
Input Object File: D:\HF\MDST\Code\BS66F360C_CTOUCH_V512_HF-SC10B-20250630\BS66F360C_CTOUCH_V512_HF-SC10B\BS66F360C\OUTPUT\VARIANTS.OBJ
Input Object File: D:\HF\MDST\Code\BS66F360C_CTOUCH_V512_HF-SC10B-20250630\BS66F360C_CTOUCH_V512_HF-SC10B\BS66F360C\OUTPUT\AIP1628.OBJ
Input Object File: D:\HF\MDST\Code\BS66F360C_CTOUCH_V512_HF-SC10B-20250630\BS66F360C_CTOUCH_V512_HF-SC10B\BS66F360C\OUTPUT\BEEP.OBJ

Input Library File: E:\Program Files\Holtek MCU Development Tools\HT-IDE3000V8.x\LIB\LIBHOLTEKGCC.LIB
Input Library File: E:\Program Files\Holtek MCU Development Tools\HT-IDE3000V8.x\LIB\v3_lmrmc.lib


     Bank    Start     End      Length     Class    AvgIns    Name
     00h     0000h     0002h    0003h      CODE               PROGRAM_ENTRY (D:\HF\MDST\Code\BS66F360C_CTOUCH_V512_HF-SC10B-20250630\BS66F360C_CTOUCH_V512_HF-SC10B\BS66F360C\OUTPUT\MAIN_PROGRAM_V300.OBJ)
     00h     0003h     0007h    0005h      CODE               @crom (D:\HF\MDST\Code\BS66F360C_CTOUCH_V512_HF-SC10B-20250630\BS66F360C_CTOUCH_V512_HF-SC10B\BS66F360C\OUTPUT\DISPLAY.OBJ)
     00h     0008h     000bh    0004h      CODE               _InitIoPort (D:\HF\MDST\Code\BS66F360C_CTOUCH_V512_HF-SC10B-20250630\BS66F360C_CTOUCH_V512_HF-SC10B\BS66F360C\OUTPUT\AIP1628.OBJ)
     00h     000ch     000fh    0004h      CODE               TOUCH_INT (C:\Users\32880\AppData\Local\Temp\BS66F360C_CTOUCH_V512.OBJ)
     00h     0010h     001dh    000eh      CODE               _CROM2PROM (CROM2PROM)
     00h     001eh     001eh    0001h      CODE               _USER_PROGRAM_HALT_PREPARE (D:\HF\MDST\Code\BS66F360C_CTOUCH_V512_HF-SC10B-20250630\BS66F360C_CTOUCH_V512_HF-SC10B\BS66F360C\OUTPUT\USER_PROGRAM.OBJ)
     00h     001fh     001fh    0001h      CODE               _USER_PROGRAM_HALT_WAKEUP (D:\HF\MDST\Code\BS66F360C_CTOUCH_V512_HF-SC10B-20250630\BS66F360C_CTOUCH_V512_HF-SC10B\BS66F360C\OUTPUT\USER_PROGRAM.OBJ)
     00h     0020h     0023h    0004h      CODE               @MF2_ISR_code (D:\HF\MDST\Code\BS66F360C_CTOUCH_V512_HF-SC10B-20250630\BS66F360C_CTOUCH_V512_HF-SC10B\BS66F360C\OUTPUT\INTERRUPT.OBJ)
     00h     0024h     0027h    0004h      CODE               TIME_BASE_INT (C:\Users\32880\AppData\Local\Temp\BS66F360C_CTOUCH_V512.OBJ)
     00h     0028h     00ceh    00a7h      CODE               CTOUCH_INI (D:\HF\MDST\Code\BS66F360C_CTOUCH_V512_HF-SC10B-20250630\BS66F360C_CTOUCH_V512_HF-SC10B\BS66F360C\OUTPUT\MAIN_PROGRAM_V300.OBJ)
     00h     00cfh     0134h    0066h      CODE               MAIN_PROGRAM (D:\HF\MDST\Code\BS66F360C_CTOUCH_V512_HF-SC10B-20250630\BS66F360C_CTOUCH_V512_HF-SC10B\BS66F360C\OUTPUT\MAIN_PROGRAM_V300.OBJ)
     00h     0135h     06e8h    05b4h      CODE               CTOUCH_CODE (C:\Users\32880\AppData\Local\Temp\BS66F360C_CTOUCH_V512.OBJ)
     00h     06e9h     08b0h    01c8h      CODE               _MF2_ISR (D:\HF\MDST\Code\BS66F360C_CTOUCH_V512_HF-SC10B-20250630\BS66F360C_CTOUCH_V512_HF-SC10B\BS66F360C\OUTPUT\INTERRUPT.OBJ)
     00h     08b1h     08fbh    004bh      CODE               _Time_Base (D:\HF\MDST\Code\BS66F360C_CTOUCH_V512_HF-SC10B-20250630\BS66F360C_CTOUCH_V512_HF-SC10B\BS66F360C\OUTPUT\INTERRUPT.OBJ)
     00h     08fch     0905h    000ah      CODE               __DELAYX (E:\Program Files\Holtek MCU Development Tools\HT-IDE3000V8.x\LIB\LIBHOLTEKGCC.LIB)
     00h     0906h     0921h    001ch      CODE               _SendByte (D:\HF\MDST\Code\BS66F360C_CTOUCH_V512_HF-SC10B-20250630\BS66F360C_CTOUCH_V512_HF-SC10B\BS66F360C\OUTPUT\AIP1628.OBJ)
     00h     0922h     0931h    0010h      CODE               _SendCommand (D:\HF\MDST\Code\BS66F360C_CTOUCH_V512_HF-SC10B-20250630\BS66F360C_CTOUCH_V512_HF-SC10B\BS66F360C\OUTPUT\AIP1628.OBJ)
     00h     0932h     094ah    0019h      CODE               _builtin_holtek_divmodqi4_isr00 (E:\Program Files\Holtek MCU Development Tools\HT-IDE3000V8.x\LIB\LIBHOLTEKGCC.LIB)
     00h     094bh     095ah    0010h      CODE               _Dis_SetDisBufferAll (D:\HF\MDST\Code\BS66F360C_CTOUCH_V512_HF-SC10B-20250630\BS66F360C_CTOUCH_V512_HF-SC10B\BS66F360C\OUTPUT\DISPLAY.OBJ)
     00h     095bh     0aa6h    014ch      CODE               _Display_Task (D:\HF\MDST\Code\BS66F360C_CTOUCH_V512_HF-SC10B-20250630\BS66F360C_CTOUCH_V512_HF-SC10B\BS66F360C\OUTPUT\DISPLAY.OBJ)
     00h     0aa7h     0ab9h    0013h      CODE               _builtin_holtek_mulhi3_isr00 (E:\Program Files\Holtek MCU Development Tools\HT-IDE3000V8.x\LIB\LIBHOLTEKGCC.LIB)
     00h     0abah     0b10h    0057h      CODE               _GetSensorCalAdcData_Task (D:\HF\MDST\Code\BS66F360C_CTOUCH_V512_HF-SC10B-20250630\BS66F360C_CTOUCH_V512_HF-SC10B\BS66F360C\OUTPUT\FUNCTION.OBJ)
     00h     0b11h     0d81h    0271h      CODE               _FunPressure_Task (D:\HF\MDST\Code\BS66F360C_CTOUCH_V512_HF-SC10B-20250630\BS66F360C_CTOUCH_V512_HF-SC10B\BS66F360C\OUTPUT\FUNCTION.OBJ)
     00h     0d82h     0db8h    0037h      CODE               _Fun_IoConProcess (D:\HF\MDST\Code\BS66F360C_CTOUCH_V512_HF-SC10B-20250630\BS66F360C_CTOUCH_V512_HF-SC10B\BS66F360C\OUTPUT\FUNCTION.OBJ)
     00h     0db9h     0dcah    0012h      CODE               _read_eeprom (D:\HF\MDST\Code\BS66F360C_CTOUCH_V512_HF-SC10B-20250630\BS66F360C_CTOUCH_V512_HF-SC10B\BS66F360C\OUTPUT\EEPROM.OBJ)
     00h     0dcbh     0e0bh    0041h      CODE               _EEPROM_ReadBytes (D:\HF\MDST\Code\BS66F360C_CTOUCH_V512_HF-SC10B-20250630\BS66F360C_CTOUCH_V512_HF-SC10B\BS66F360C\OUTPUT\EEPROM.OBJ)
     00h     0e0ch     0e30h    0025h      CODE               _builtin_holtek_divmodhi4_isr00 (E:\Program Files\Holtek MCU Development Tools\HT-IDE3000V8.x\LIB\LIBHOLTEKGCC.LIB)
     00h     0e31h     0e52h    0022h      CODE               _Beep (D:\HF\MDST\Code\BS66F360C_CTOUCH_V512_HF-SC10B-20250630\BS66F360C_CTOUCH_V512_HF-SC10B\BS66F360C\OUTPUT\BEEP.OBJ)
     00h     0e53h     0e65h    0013h      CODE               _writer_eeprom (D:\HF\MDST\Code\BS66F360C_CTOUCH_V512_HF-SC10B-20250630\BS66F360C_CTOUCH_V512_HF-SC10B\BS66F360C\OUTPUT\EEPROM.OBJ)
     00h     0e66h     0e9dh    0038h      CODE               _EEPROM_WriteBytes (D:\HF\MDST\Code\BS66F360C_CTOUCH_V512_HF-SC10B-20250630\BS66F360C_CTOUCH_V512_HF-SC10B\BS66F360C\OUTPUT\EEPROM.OBJ)
     00h     0e9eh     0fb5h    0118h      CODE               _Fun_PublicProcess (D:\HF\MDST\Code\BS66F360C_CTOUCH_V512_HF-SC10B-20250630\BS66F360C_CTOUCH_V512_HF-SC10B\BS66F360C\OUTPUT\FUNCTION.OBJ)
     00h     0fb6h     0fcch    0017h      CODE               _Fun_GenVoicePluse (D:\HF\MDST\Code\BS66F360C_CTOUCH_V512_HF-SC10B-20250630\BS66F360C_CTOUCH_V512_HF-SC10B\BS66F360C\OUTPUT\FUNCTION.OBJ)
     00h     0fcdh     0fddh    0011h      CODE               _Init_TimerReg (D:\HF\MDST\Code\BS66F360C_CTOUCH_V512_HF-SC10B-20250630\BS66F360C_CTOUCH_V512_HF-SC10B\BS66F360C\OUTPUT\INITIAL.OBJ)
     00h     0fdeh     0fffh    0022h      CODE               _Work_SensorAdcRegInit (D:\HF\MDST\Code\BS66F360C_CTOUCH_V512_HF-SC10B-20250630\BS66F360C_CTOUCH_V512_HF-SC10B\BS66F360C\OUTPUT\INITIAL.OBJ)
     00h     1000h     1036h    0037h      CODE               _Work_StatusRegInit (D:\HF\MDST\Code\BS66F360C_CTOUCH_V512_HF-SC10B-20250630\BS66F360C_CTOUCH_V512_HF-SC10B\BS66F360C\OUTPUT\INITIAL.OBJ)
     00h     1037h     104ah    0014h      CODE               _Fun_InitWorkOnMode (D:\HF\MDST\Code\BS66F360C_CTOUCH_V512_HF-SC10B-20250630\BS66F360C_CTOUCH_V512_HF-SC10B\BS66F360C\OUTPUT\FUNCTION.OBJ)
     00h     104bh     105bh    0011h      CODE               _Fun_WorkOffMode (D:\HF\MDST\Code\BS66F360C_CTOUCH_V512_HF-SC10B-20250630\BS66F360C_CTOUCH_V512_HF-SC10B\BS66F360C\OUTPUT\FUNCTION.OBJ)
     00h     105ch     106fh    0014h      CODE               _FactoryMode_Task (D:\HF\MDST\Code\BS66F360C_CTOUCH_V512_HF-SC10B-20250630\BS66F360C_CTOUCH_V512_HF-SC10B\BS66F360C\OUTPUT\KEY.OBJ)
     00h     1070h     1074h    0005h      CODE               _Fun_InitWorkOffMode (D:\HF\MDST\Code\BS66F360C_CTOUCH_V512_HF-SC10B-20250630\BS66F360C_CTOUCH_V512_HF-SC10B\BS66F360C\OUTPUT\FUNCTION.OBJ)
     00h     1075h     107bh    0007h      CODE               _Fun_PowerOnMode (D:\HF\MDST\Code\BS66F360C_CTOUCH_V512_HF-SC10B-20250630\BS66F360C_CTOUCH_V512_HF-SC10B\BS66F360C\OUTPUT\FUNCTION.OBJ)
     00h     107ch     10c4h    0049h      CODE               _Fun_JiaoTiModeProcess (D:\HF\MDST\Code\BS66F360C_CTOUCH_V512_HF-SC10B-20250630\BS66F360C_CTOUCH_V512_HF-SC10B\BS66F360C\OUTPUT\FUNCTION.OBJ)
     00h     10c5h     10d1h    000dh      CODE               _Fun_EnterJiaotiMode (D:\HF\MDST\Code\BS66F360C_CTOUCH_V512_HF-SC10B-20250630\BS66F360C_CTOUCH_V512_HF-SC10B\BS66F360C\OUTPUT\FUNCTION.OBJ)
     00h     10d2h     10dfh    000eh      CODE               _Fun_FirstEnterFunMode (D:\HF\MDST\Code\BS66F360C_CTOUCH_V512_HF-SC10B-20250630\BS66F360C_CTOUCH_V512_HF-SC10B\BS66F360C\OUTPUT\FUNCTION.OBJ)
     00h     10e0h     124ch    016dh      CODE               _Fun_KeyPressedProcess (D:\HF\MDST\Code\BS66F360C_CTOUCH_V512_HF-SC10B-20250630\BS66F360C_CTOUCH_V512_HF-SC10B\BS66F360C\OUTPUT\FUNCTION.OBJ)
     00h     124dh     129ah    004eh      CODE               _Fun_WorkOnMode (D:\HF\MDST\Code\BS66F360C_CTOUCH_V512_HF-SC10B-20250630\BS66F360C_CTOUCH_V512_HF-SC10B\BS66F360C\OUTPUT\FUNCTION.OBJ)
     00h     129bh     12ddh    0043h      CODE               _Fun_IrRecKeyProcess (D:\HF\MDST\Code\BS66F360C_CTOUCH_V512_HF-SC10B-20250630\BS66F360C_CTOUCH_V512_HF-SC10B\BS66F360C\OUTPUT\FUNCTION.OBJ)
     00h     12deh     12f2h    0015h      CODE               _Function_Task (D:\HF\MDST\Code\BS66F360C_CTOUCH_V512_HF-SC10B-20250630\BS66F360C_CTOUCH_V512_HF-SC10B\BS66F360C\OUTPUT\FUNCTION.OBJ)
     00h     12f3h     1306h    0014h      CODE               _Read_AdcValue (D:\HF\MDST\Code\BS66F360C_CTOUCH_V512_HF-SC10B-20250630\BS66F360C_CTOUCH_V512_HF-SC10B\BS66F360C\OUTPUT\ADC.OBJ)
     00h     1307h     1498h    0192h      CODE               _ADC_Task (D:\HF\MDST\Code\BS66F360C_CTOUCH_V512_HF-SC10B-20250630\BS66F360C_CTOUCH_V512_HF-SC10B\BS66F360C\OUTPUT\ADC.OBJ)
     00h     1499h     14ceh    0036h      CODE               _Fun_CalModeProcess (D:\HF\MDST\Code\BS66F360C_CTOUCH_V512_HF-SC10B-20250630\BS66F360C_CTOUCH_V512_HF-SC10B\BS66F360C\OUTPUT\FUNCTION.OBJ)
     00h     14cfh     155dh    008fh      CODE               _Key_Task (D:\HF\MDST\Code\BS66F360C_CTOUCH_V512_HF-SC10B-20250630\BS66F360C_CTOUCH_V512_HF-SC10B\BS66F360C\OUTPUT\KEY.OBJ)
     00h     155eh     157ch    001fh      CODE               _USER_PROGRAM (D:\HF\MDST\Code\BS66F360C_CTOUCH_V512_HF-SC10B-20250630\BS66F360C_CTOUCH_V512_HF-SC10B\BS66F360C\OUTPUT\USER_PROGRAM.OBJ)
     00h     157dh     158dh    0011h      CODE               _User_Init (D:\HF\MDST\Code\BS66F360C_CTOUCH_V512_HF-SC10B-20250630\BS66F360C_CTOUCH_V512_HF-SC10B\BS66F360C\OUTPUT\INITIAL.OBJ)
     00h     158eh     15e7h    005ah      CODE               _Sys_Init (D:\HF\MDST\Code\BS66F360C_CTOUCH_V512_HF-SC10B-20250630\BS66F360C_CTOUCH_V512_HF-SC10B\BS66F360C\OUTPUT\INITIAL.OBJ)
     00h     15e8h     15eah    0003h      CODE               _USER_PROGRAM_INITIAL (D:\HF\MDST\Code\BS66F360C_CTOUCH_V512_HF-SC10B-20250630\BS66F360C_CTOUCH_V512_HF-SC10B\BS66F360C\OUTPUT\USER_PROGRAM.OBJ)
     00h     15ebh     15ebh    0001h      CODE               _USER_PROGRAM_RETURN_MAIN (D:\HF\MDST\Code\BS66F360C_CTOUCH_V512_HF-SC10B-20250630\BS66F360C_CTOUCH_V512_HF-SC10B\BS66F360C\OUTPUT\USER_PROGRAM.OBJ)
     00h     15ech     1620h    0035h      CODE               _Beep_Task (D:\HF\MDST\Code\BS66F360C_CTOUCH_V512_HF-SC10B-20250630\BS66F360C_CTOUCH_V512_HF-SC10B\BS66F360C\OUTPUT\BEEP.OBJ)
     00h     0080h     00ach    002dh      DATA     0.3777    CTOUCH_DATA0 (C:\Users\32880\AppData\Local\Temp\BS66F360C_CTOUCH_V512.OBJ)
     00h     00adh     00b5h    0009h      DATA     20.222    MAIN_DATA (D:\HF\MDST\Code\BS66F360C_CTOUCH_V512_HF-SC10B-20250630\BS66F360C_CTOUCH_V512_HF-SC10B\BS66F360C\OUTPUT\MAIN_PROGRAM_V300.OBJ)
     00h     00b6h     00b6h    0001h      DATA     132       @data_ra (E:\Program Files\Holtek MCU Development Tools\HT-IDE3000V8.x\LIB\LIBHOLTEKGCC.LIB)
     00h     00b7h     00b7h    0001h      DATA     129       @data_rb (E:\Program Files\Holtek MCU Development Tools\HT-IDE3000V8.x\LIB\LIBHOLTEKGCC.LIB)
     00h     00b8h     00b8h    0001h      DATA     110       @data_rc (E:\Program Files\Holtek MCU Development Tools\HT-IDE3000V8.x\LIB\LIBHOLTEKGCC.LIB)
     00h     00b9h     00b9h    0001h      DATA     57        @data_rd (E:\Program Files\Holtek MCU Development Tools\HT-IDE3000V8.x\LIB\LIBHOLTEKGCC.LIB)
     00h     00bah     00bah    0001h      DATA     52        @data_re (E:\Program Files\Holtek MCU Development Tools\HT-IDE3000V8.x\LIB\LIBHOLTEKGCC.LIB)
     00h     00bbh     00bbh    0001h      DATA     2         @data_rf (E:\Program Files\Holtek MCU Development Tools\HT-IDE3000V8.x\LIB\LIBHOLTEKGCC.LIB)
     00h     00bch     00bch    0001h      DATA     1         @data_rg (E:\Program Files\Holtek MCU Development Tools\HT-IDE3000V8.x\LIB\LIBHOLTEKGCC.LIB)
     00h     00bdh     00bdh    0001h      DATA     2         @data_r120 (isr:ra~rh)
     00h     00beh     00beh    0001h      DATA     2         @data_r220 (isr:ra~rh)
     00h     00bfh     00bfh    0001h      DATA     23        @data_ra20 (isr:ra~rh)
     00h     00c0h     00c0h    0001h      DATA     18        @data_rb20 (isr:ra~rh)
     00h     00c1h     00c1h    0001h      DATA     9         @data_rc20 (isr:ra~rh)
     00h     00cdh     00cdh    0001h      DATA     61        @HCCINIT0_WorkModeFlag (D:\HF\MDST\Code\BS66F360C_CTOUCH_V512_HF-SC10B-20250630\BS66F360C_CTOUCH_V512_HF-SC10B\BS66F360C\OUTPUT\VARIANTS.OBJ)
     00h     00ceh     00ceh    0001h      DATA     60        @HCCINIT0_WorkFlag5 (D:\HF\MDST\Code\BS66F360C_CTOUCH_V512_HF-SC10B-20250630\BS66F360C_CTOUCH_V512_HF-SC10B\BS66F360C\OUTPUT\VARIANTS.OBJ)
     00h     00cfh     00cfh    0001h      DATA     32        @HCCINIT0_DcfFlag1 (D:\HF\MDST\Code\BS66F360C_CTOUCH_V512_HF-SC10B-20250630\BS66F360C_CTOUCH_V512_HF-SC10B\BS66F360C\OUTPUT\VARIANTS.OBJ)
     00h     00d0h     00d0h    0001h      DATA     27        @HCCINIT0_WorkFlag4 (D:\HF\MDST\Code\BS66F360C_CTOUCH_V512_HF-SC10B-20250630\BS66F360C_CTOUCH_V512_HF-SC10B\BS66F360C\OUTPUT\VARIANTS.OBJ)
     00h     00d1h     00d1h    0001h      DATA     27        @HCCINIT0_TimeFlag1 (D:\HF\MDST\Code\BS66F360C_CTOUCH_V512_HF-SC10B-20250630\BS66F360C_CTOUCH_V512_HF-SC10B\BS66F360C\OUTPUT\VARIANTS.OBJ)
     00h     00d2h     00d2h    0001h      DATA     26        @HCCINIT0_WorkFlag6 (D:\HF\MDST\Code\BS66F360C_CTOUCH_V512_HF-SC10B-20250630\BS66F360C_CTOUCH_V512_HF-SC10B\BS66F360C\OUTPUT\VARIANTS.OBJ)
     00h     00d3h     00d3h    0001h      DATA     26        @HCCINIT0_KeyFlag1 (D:\HF\MDST\Code\BS66F360C_CTOUCH_V512_HF-SC10B-20250630\BS66F360C_CTOUCH_V512_HF-SC10B\BS66F360C\OUTPUT\VARIANTS.OBJ)
     00h     00d4h     00d4h    0001h      DATA     24        @HCCINIT0_KeyFlag2 (D:\HF\MDST\Code\BS66F360C_CTOUCH_V512_HF-SC10B-20250630\BS66F360C_CTOUCH_V512_HF-SC10B\BS66F360C\OUTPUT\VARIANTS.OBJ)
     00h     00d5h     00d5h    0001h      DATA     23        @HCCINIT0_WorkFlag1 (D:\HF\MDST\Code\BS66F360C_CTOUCH_V512_HF-SC10B-20250630\BS66F360C_CTOUCH_V512_HF-SC10B\BS66F360C\OUTPUT\VARIANTS.OBJ)
     00h     00d6h     00d6h    0001h      DATA     22        @HCCINIT0_WorkFlag2 (D:\HF\MDST\Code\BS66F360C_CTOUCH_V512_HF-SC10B-20250630\BS66F360C_CTOUCH_V512_HF-SC10B\BS66F360C\OUTPUT\VARIANTS.OBJ)
     00h     00d7h     00d7h    0001h      DATA     18        @HCCINIT0_gu8v_AbFangQiTime (D:\HF\MDST\Code\BS66F360C_CTOUCH_V512_HF-SC10B-20250630\BS66F360C_CTOUCH_V512_HF-SC10B\BS66F360C\OUTPUT\VARIANTS.OBJ)
     00h     00d8h     00d8h    0001h      DATA     17        @HCCINIT0_gu8v_AbNumDisValue (D:\HF\MDST\Code\BS66F360C_CTOUCH_V512_HF-SC10B-20250630\BS66F360C_CTOUCH_V512_HF-SC10B\BS66F360C\OUTPUT\VARIANTS.OBJ)
     00h     00d9h     00dah    0002h      DATA     16.5      @HCCINIT0_gu16v_AbSensroCmp (D:\HF\MDST\Code\BS66F360C_CTOUCH_V512_HF-SC10B-20250630\BS66F360C_CTOUCH_V512_HF-SC10B\BS66F360C\OUTPUT\VARIANTS.OBJ)
     00h     00dbh     00dbh    0001h      DATA     16        @HCCINIT0_WorkFlag3 (D:\HF\MDST\Code\BS66F360C_CTOUCH_V512_HF-SC10B-20250630\BS66F360C_CTOUCH_V512_HF-SC10B\BS66F360C\OUTPUT\VARIANTS.OBJ)
     00h     00dch     00ddh    0002h      DATA     14        @HCCINIT0_gu16v_JiaoTiTimeCnt (D:\HF\MDST\Code\BS66F360C_CTOUCH_V512_HF-SC10B-20250630\BS66F360C_CTOUCH_V512_HF-SC10B\BS66F360C\OUTPUT\VARIANTS.OBJ)
     00h     00deh     00deh    0001h      DATA     12        @HCCINIT0_KeyFlag3 (D:\HF\MDST\Code\BS66F360C_CTOUCH_V512_HF-SC10B-20250630\BS66F360C_CTOUCH_V512_HF-SC10B\BS66F360C\OUTPUT\VARIANTS.OBJ)
     00h     00dfh     00dfh    0001h      DATA     11        @HCCINIT0_gu8v_RfBitCycle (D:\HF\MDST\Code\BS66F360C_CTOUCH_V512_HF-SC10B-20250630\BS66F360C_CTOUCH_V512_HF-SC10B\BS66F360C\OUTPUT\VARIANTS.OBJ)
     00h     00e0h     00e0h    0001h      DATA     10        @HCCINIT0_gu8v_KeyBuf3 (D:\HF\MDST\Code\BS66F360C_CTOUCH_V512_HF-SC10B-20250630\BS66F360C_CTOUCH_V512_HF-SC10B\BS66F360C\OUTPUT\VARIANTS.OBJ)
     00h     00e1h     00e2h    0002h      DATA     10        @HCCINIT0_gu16v_FunAdcZeroData (D:\HF\MDST\Code\BS66F360C_CTOUCH_V512_HF-SC10B-20250630\BS66F360C_CTOUCH_V512_HF-SC10B\BS66F360C\OUTPUT\VARIANTS.OBJ)
     00h     00e3h     00e4h    0002h      DATA     10        @HCCINIT0_gu16v_AbAdcZeroData (D:\HF\MDST\Code\BS66F360C_CTOUCH_V512_HF-SC10B-20250630\BS66F360C_CTOUCH_V512_HF-SC10B\BS66F360C\OUTPUT\VARIANTS.OBJ)
     00h     00e5h     00e5h    0001h      DATA     10        @HCCINIT0_gu8v_WorkMode (D:\HF\MDST\Code\BS66F360C_CTOUCH_V512_HF-SC10B-20250630\BS66F360C_CTOUCH_V512_HF-SC10B\BS66F360C\OUTPUT\VARIANTS.OBJ)
     00h     00e6h     00e6h    0001h      DATA     10        @HCCINIT0_gu8v_BeepTime (D:\HF\MDST\Code\BS66F360C_CTOUCH_V512_HF-SC10B-20250630\BS66F360C_CTOUCH_V512_HF-SC10B\BS66F360C\OUTPUT\VARIANTS.OBJ)
     00h     00e7h     00e7h    0001h      DATA     9         @HCCINIT0_gu8v_433ByteCnt (D:\HF\MDST\Code\BS66F360C_CTOUCH_V512_HF-SC10B-20250630\BS66F360C_CTOUCH_V512_HF-SC10B\BS66F360C\OUTPUT\VARIANTS.OBJ)
     00h     00e8h     00e8h    0001h      DATA     9         @HCCINIT0_gu8v_433BitCnt (D:\HF\MDST\Code\BS66F360C_CTOUCH_V512_HF-SC10B-20250630\BS66F360C_CTOUCH_V512_HF-SC10B\BS66F360C\OUTPUT\VARIANTS.OBJ)
     00h     00e9h     00e9h    0001h      DATA     9         @HCCINIT0_gu8v_433_L_Cnt (D:\HF\MDST\Code\BS66F360C_CTOUCH_V512_HF-SC10B-20250630\BS66F360C_CTOUCH_V512_HF-SC10B\BS66F360C\OUTPUT\VARIANTS.OBJ)
     00h     00eah     00eah    0001h      DATA     9         @HCCINIT0_gu8v_CalModeIndex (D:\HF\MDST\Code\BS66F360C_CTOUCH_V512_HF-SC10B-20250630\BS66F360C_CTOUCH_V512_HF-SC10B\BS66F360C\OUTPUT\VARIANTS.OBJ)
     00h     00ebh     00ech    0002h      DATA     9         @HCCINIT0_gu16v_Fun7P5mmHgData (D:\HF\MDST\Code\BS66F360C_CTOUCH_V512_HF-SC10B-20250630\BS66F360C_CTOUCH_V512_HF-SC10B\BS66F360C\OUTPUT\VARIANTS.OBJ)
     00h     00edh     00eeh    0002h      DATA     9         @HCCINIT0_gu16v_FunAdcSensor (D:\HF\MDST\Code\BS66F360C_CTOUCH_V512_HF-SC10B-20250630\BS66F360C_CTOUCH_V512_HF-SC10B\BS66F360C\OUTPUT\VARIANTS.OBJ)
     00h     00efh     00f0h    0002h      DATA     9         @HCCINIT0_gu16v_AdcValue2 (D:\HF\MDST\Code\BS66F360C_CTOUCH_V512_HF-SC10B-20250630\BS66F360C_CTOUCH_V512_HF-SC10B\BS66F360C\OUTPUT\VARIANTS.OBJ)
     00h     00f1h     00f2h    0002h      DATA     9         @HCCINIT0_gu16v_AdcValue1 (D:\HF\MDST\Code\BS66F360C_CTOUCH_V512_HF-SC10B-20250630\BS66F360C_CTOUCH_V512_HF-SC10B\BS66F360C\OUTPUT\VARIANTS.OBJ)
     00h     00f3h     00f3h    0001h      DATA     9         @HCCINIT0_gu8v_PressureMode (D:\HF\MDST\Code\BS66F360C_CTOUCH_V512_HF-SC10B-20250630\BS66F360C_CTOUCH_V512_HF-SC10B\BS66F360C\OUTPUT\VARIANTS.OBJ)
     00h     00f4h     00f4h    0001h      DATA     8         @HCCINIT0_gu8v_KeyBuf1 (D:\HF\MDST\Code\BS66F360C_CTOUCH_V512_HF-SC10B-20250630\BS66F360C_CTOUCH_V512_HF-SC10B\BS66F360C\OUTPUT\VARIANTS.OBJ)
     00h     00f5h     00f6h    0002h      DATA     8         @HCCINIT0_gu16v_AutoModeCycle (D:\HF\MDST\Code\BS66F360C_CTOUCH_V512_HF-SC10B-20250630\BS66F360C_CTOUCH_V512_HF-SC10B\BS66F360C\OUTPUT\VARIANTS.OBJ)
     00h     00f7h     00f7h    0001h      DATA     7         @HCCINIT0_TimeFlag2 (D:\HF\MDST\Code\BS66F360C_CTOUCH_V512_HF-SC10B-20250630\BS66F360C_CTOUCH_V512_HF-SC10B\BS66F360C\OUTPUT\VARIANTS.OBJ)
     00h     00f8h     00f8h    0001h      DATA     7         @HCCINIT0_gu8v_RfSendBitCnt (D:\HF\MDST\Code\BS66F360C_CTOUCH_V512_HF-SC10B-20250630\BS66F360C_CTOUCH_V512_HF-SC10B\BS66F360C\OUTPUT\VARIANTS.OBJ)
     00h     00f9h     00f9h    0001h      DATA     7         @HCCINIT0_gu8v_KeyBuf2 (D:\HF\MDST\Code\BS66F360C_CTOUCH_V512_HF-SC10B-20250630\BS66F360C_CTOUCH_V512_HF-SC10B\BS66F360C\OUTPUT\VARIANTS.OBJ)
     00h     00fah     00fah    0001h      DATA     7         @HCCINIT0_gu8v_433_H_cnt (D:\HF\MDST\Code\BS66F360C_CTOUCH_V512_HF-SC10B-20250630\BS66F360C_CTOUCH_V512_HF-SC10B\BS66F360C\OUTPUT\VARIANTS.OBJ)
     00h     00fbh     00fch    0002h      DATA     6         @HCCINIT0_gu16v_AbPressureLowErrTimeCnt (D:\HF\MDST\Code\BS66F360C_CTOUCH_V512_HF-SC10B-20250630\BS66F360C_CTOUCH_V512_HF-SC10B\BS66F360C\OUTPUT\VARIANTS.OBJ)
     00h     00fdh     00fdh    0001h      DATA     6         @HCCINIT0_gu8v_PreKeyDownDisTime (D:\HF\MDST\Code\BS66F360C_CTOUCH_V512_HF-SC10B-20250630\BS66F360C_CTOUCH_V512_HF-SC10B\BS66F360C\OUTPUT\VARIANTS.OBJ)
     00h     00feh     00feh    0001h      DATA     6         @HCCINIT0_gu8v_PowerOnDelay (D:\HF\MDST\Code\BS66F360C_CTOUCH_V512_HF-SC10B-20250630\BS66F360C_CTOUCH_V512_HF-SC10B\BS66F360C\OUTPUT\VARIANTS.OBJ)
     00h     00ffh     00ffh    0001h      DATA     6         @HCCINIT0_gu8v_JiaoTiMode (D:\HF\MDST\Code\BS66F360C_CTOUCH_V512_HF-SC10B-20250630\BS66F360C_CTOUCH_V512_HF-SC10B\BS66F360C\OUTPUT\VARIANTS.OBJ)
     01h     0080h     00efh    0070h      DATA     0         CTOUCH_DATA1 (C:\Users\32880\AppData\Local\Temp\BS66F360C_CTOUCH_V512.OBJ)
     01h     00f0h     00f1h    0002h      DATA     6         @HCCINIT0_gu16v_FunSensroCmp (D:\HF\MDST\Code\BS66F360C_CTOUCH_V512_HF-SC10B-20250630\BS66F360C_CTOUCH_V512_HF-SC10B\BS66F360C\OUTPUT\VARIANTS.OBJ)
     01h     00f2h     00f3h    0002h      DATA     6         @HCCINIT0_gu16v_Fun150CalDataEe (D:\HF\MDST\Code\BS66F360C_CTOUCH_V512_HF-SC10B-20250630\BS66F360C_CTOUCH_V512_HF-SC10B\BS66F360C\OUTPUT\VARIANTS.OBJ)
     01h     00f4h     00f5h    0002h      DATA     6         @HCCINIT0_gu16v_EeTemp (D:\HF\MDST\Code\BS66F360C_CTOUCH_V512_HF-SC10B-20250630\BS66F360C_CTOUCH_V512_HF-SC10B\BS66F360C\OUTPUT\VARIANTS.OBJ)
     01h     00f6h     00f7h    0002h      DATA     6         @HCCINIT0_gu16v_Ab150CalDataEe (D:\HF\MDST\Code\BS66F360C_CTOUCH_V512_HF-SC10B-20250630\BS66F360C_CTOUCH_V512_HF-SC10B\BS66F360C\OUTPUT\VARIANTS.OBJ)
     01h     00f8h     00f9h    0002h      DATA     6         @HCCINIT0_gu16v_Ab7P5mmHgData (D:\HF\MDST\Code\BS66F360C_CTOUCH_V512_HF-SC10B-20250630\BS66F360C_CTOUCH_V512_HF-SC10B\BS66F360C\OUTPUT\VARIANTS.OBJ)
     01h     00fah     00fbh    0002h      DATA     6         @HCCINIT0_gu16v_JiaoTiTimeCmp (D:\HF\MDST\Code\BS66F360C_CTOUCH_V512_HF-SC10B-20250630\BS66F360C_CTOUCH_V512_HF-SC10B\BS66F360C\OUTPUT\VARIANTS.OBJ)
     01h     00fch     00fdh    0002h      DATA     6         @HCCINIT0_gu16v_JiaoTiTime (D:\HF\MDST\Code\BS66F360C_CTOUCH_V512_HF-SC10B-20250630\BS66F360C_CTOUCH_V512_HF-SC10B\BS66F360C\OUTPUT\VARIANTS.OBJ)
     01h     00feh     00feh    0001h      DATA     5         @HCCINIT0_gu8v_LockDelay60S (D:\HF\MDST\Code\BS66F360C_CTOUCH_V512_HF-SC10B-20250630\BS66F360C_CTOUCH_V512_HF-SC10B\BS66F360C\OUTPUT\VARIANTS.OBJ)
     01h     00ffh     00ffh    0001h      DATA     5         @HCCINIT0_gu8v_AbPressureFullAdcCnt (D:\HF\MDST\Code\BS66F360C_CTOUCH_V512_HF-SC10B-20250630\BS66F360C_CTOUCH_V512_HF-SC10B\BS66F360C\OUTPUT\VARIANTS.OBJ)
     02h     0080h     00efh    0070h      DATA     0         CTOUCH_DATA2 (C:\Users\32880\AppData\Local\Temp\BS66F360C_CTOUCH_V512.OBJ)
     02h     00f0h     00f1h    0002h      DATA     5         @HCCINIT0_gu16v_FunAdcZeroDataSum (D:\HF\MDST\Code\BS66F360C_CTOUCH_V512_HF-SC10B-20250630\BS66F360C_CTOUCH_V512_HF-SC10B\BS66F360C\OUTPUT\VARIANTS.OBJ)
     02h     00f2h     00f2h    0001h      DATA     5         @HCCINIT0_gu8v_AbPressureNoFullAdcCnt (D:\HF\MDST\Code\BS66F360C_CTOUCH_V512_HF-SC10B-20250630\BS66F360C_CTOUCH_V512_HF-SC10B\BS66F360C\OUTPUT\VARIANTS.OBJ)
     02h     00f3h     00f4h    0002h      DATA     5         @HCCINIT0_gu16v_AbAdcZeroDataSum (D:\HF\MDST\Code\BS66F360C_CTOUCH_V512_HF-SC10B-20250630\BS66F360C_CTOUCH_V512_HF-SC10B\BS66F360C\OUTPUT\VARIANTS.OBJ)
     02h     00f5h     00f6h    0002h      DATA     5         @HCCINIT0_gu16v_ABAdcSensor (D:\HF\MDST\Code\BS66F360C_CTOUCH_V512_HF-SC10B-20250630\BS66F360C_CTOUCH_V512_HF-SC10B\BS66F360C\OUTPUT\VARIANTS.OBJ)
     02h     00f7h     00f8h    0002h      DATA     5         @HCCINIT0_gu16v_AdMinTemp2 (D:\HF\MDST\Code\BS66F360C_CTOUCH_V512_HF-SC10B-20250630\BS66F360C_CTOUCH_V512_HF-SC10B\BS66F360C\OUTPUT\VARIANTS.OBJ)
     02h     00f9h     00fah    0002h      DATA     5         @HCCINIT0_gu16v_AdMaxTemp2 (D:\HF\MDST\Code\BS66F360C_CTOUCH_V512_HF-SC10B-20250630\BS66F360C_CTOUCH_V512_HF-SC10B\BS66F360C\OUTPUT\VARIANTS.OBJ)
     02h     00fbh     00fch    0002h      DATA     5         @HCCINIT0_gu16v_AdMinTemp1 (D:\HF\MDST\Code\BS66F360C_CTOUCH_V512_HF-SC10B-20250630\BS66F360C_CTOUCH_V512_HF-SC10B\BS66F360C\OUTPUT\VARIANTS.OBJ)
     02h     00fdh     00feh    0002h      DATA     5         @HCCINIT0_gu16v_AdMaxTemp1 (D:\HF\MDST\Code\BS66F360C_CTOUCH_V512_HF-SC10B-20250630\BS66F360C_CTOUCH_V512_HF-SC10B\BS66F360C\OUTPUT\VARIANTS.OBJ)
     02h     00ffh     00ffh    0001h      DATA     5         @HCCINIT0_gu8v_IrSampStep (D:\HF\MDST\Code\BS66F360C_CTOUCH_V512_HF-SC10B-20250630\BS66F360C_CTOUCH_V512_HF-SC10B\BS66F360C\OUTPUT\VARIANTS.OBJ)
     03h     0080h     00efh    0070h      DATA     0         CTOUCH_DATA3 (C:\Users\32880\AppData\Local\Temp\BS66F360C_CTOUCH_V512.OBJ)
     03h     00f0h     00f0h    0001h      DATA     5         @HCCINIT0_gu8v_KeyLongDelay (D:\HF\MDST\Code\BS66F360C_CTOUCH_V512_HF-SC10B-20250630\BS66F360C_CTOUCH_V512_HF-SC10B\BS66F360C\OUTPUT\VARIANTS.OBJ)
     03h     00f1h     00f1h    0001h      DATA     5         @HCCINIT0_gu8v_KeyDebounce (D:\HF\MDST\Code\BS66F360C_CTOUCH_V512_HF-SC10B-20250630\BS66F360C_CTOUCH_V512_HF-SC10B\BS66F360C\OUTPUT\VARIANTS.OBJ)
     03h     00f2h     00f2h    0001h      DATA     5         @HCCINIT0_gu8v_BeepCnt (D:\HF\MDST\Code\BS66F360C_CTOUCH_V512_HF-SC10B-20250630\BS66F360C_CTOUCH_V512_HF-SC10B\BS66F360C\OUTPUT\VARIANTS.OBJ)
     03h     00f3h     00f3h    0001h      DATA     4         @HCCINIT0_gu8v_AbMotoOnDebounce (D:\HF\MDST\Code\BS66F360C_CTOUCH_V512_HF-SC10B-20250630\BS66F360C_CTOUCH_V512_HF-SC10B\BS66F360C\OUTPUT\VARIANTS.OBJ)
     03h     00f4h     00f4h    0001h      DATA     4         @HCCINIT0_gu8v_FunMotoOnDebounce (D:\HF\MDST\Code\BS66F360C_CTOUCH_V512_HF-SC10B-20250630\BS66F360C_CTOUCH_V512_HF-SC10B\BS66F360C\OUTPUT\VARIANTS.OBJ)
     03h     00f5h     00f5h    0001h      DATA     4         @HCCINIT0_gu8v_AbMotoOffDebounce (D:\HF\MDST\Code\BS66F360C_CTOUCH_V512_HF-SC10B-20250630\BS66F360C_CTOUCH_V512_HF-SC10B\BS66F360C\OUTPUT\VARIANTS.OBJ)
     03h     00f6h     00f6h    0001h      DATA     4         @HCCINIT0_gu8v_FunMotoOffDebounce (D:\HF\MDST\Code\BS66F360C_CTOUCH_V512_HF-SC10B-20250630\BS66F360C_CTOUCH_V512_HF-SC10B\BS66F360C\OUTPUT\VARIANTS.OBJ)
     03h     00f7h     00f7h    0001h      DATA     4         @HCCINIT0_gu8v_7KpDebounce (D:\HF\MDST\Code\BS66F360C_CTOUCH_V512_HF-SC10B-20250630\BS66F360C_CTOUCH_V512_HF-SC10B\BS66F360C\OUTPUT\VARIANTS.OBJ)
     03h     00f8h     00f8h    0001h      DATA     4         @HCCINIT0_gu8v_12KpDebounce (D:\HF\MDST\Code\BS66F360C_CTOUCH_V512_HF-SC10B-20250630\BS66F360C_CTOUCH_V512_HF-SC10B\BS66F360C\OUTPUT\VARIANTS.OBJ)
     03h     00f9h     00f9h    0001h      DATA     4         @HCCINIT0_gu8v_AbSensorPressureCnt (D:\HF\MDST\Code\BS66F360C_CTOUCH_V512_HF-SC10B-20250630\BS66F360C_CTOUCH_V512_HF-SC10B\BS66F360C\OUTPUT\VARIANTS.OBJ)
     03h     00fah     00fah    0001h      DATA     4         @HCCINIT0_gu8v_NumDisTemp (D:\HF\MDST\Code\BS66F360C_CTOUCH_V512_HF-SC10B-20250630\BS66F360C_CTOUCH_V512_HF-SC10B\BS66F360C\OUTPUT\VARIANTS.OBJ)
     03h     00fbh     00fbh    0001h      DATA     4         @HCCINIT0_gu8v_FunNumDisValue (D:\HF\MDST\Code\BS66F360C_CTOUCH_V512_HF-SC10B-20250630\BS66F360C_CTOUCH_V512_HF-SC10B\BS66F360C\OUTPUT\VARIANTS.OBJ)
     03h     00fch     00fdh    0002h      DATA     4         @HCCINIT0_gu16v_AbNumDisValueOld (D:\HF\MDST\Code\BS66F360C_CTOUCH_V512_HF-SC10B-20250630\BS66F360C_CTOUCH_V512_HF-SC10B\BS66F360C\OUTPUT\VARIANTS.OBJ)
     03h     00feh     00feh    0001h      DATA     4         @HCCINIT0_gu8v_RfSendStep (D:\HF\MDST\Code\BS66F360C_CTOUCH_V512_HF-SC10B-20250630\BS66F360C_CTOUCH_V512_HF-SC10B\BS66F360C\OUTPUT\VARIANTS.OBJ)
     03h     00ffh     00ffh    0001h      DATA     4         @HCCINIT0_gu8v_AbGetAdcZeroCnt (D:\HF\MDST\Code\BS66F360C_CTOUCH_V512_HF-SC10B-20250630\BS66F360C_CTOUCH_V512_HF-SC10B\BS66F360C\OUTPUT\VARIANTS.OBJ)
     04h     0080h     00efh    0070h      DATA     0         CTOUCH_DATA4 (C:\Users\32880\AppData\Local\Temp\BS66F360C_CTOUCH_V512.OBJ)
     04h     00f0h     00f0h    0001h      DATA     4         @HCCINIT0_gu8v_FactoryDebounce (D:\HF\MDST\Code\BS66F360C_CTOUCH_V512_HF-SC10B-20250630\BS66F360C_CTOUCH_V512_HF-SC10B\BS66F360C\OUTPUT\VARIANTS.OBJ)
     04h     00f1h     00f1h    0001h      DATA     4         @HCCINIT0_gu8v_FunPressureFullAdcCnt (D:\HF\MDST\Code\BS66F360C_CTOUCH_V512_HF-SC10B-20250630\BS66F360C_CTOUCH_V512_HF-SC10B\BS66F360C\OUTPUT\VARIANTS.OBJ)
     04h     00f2h     00f2h    0001h      DATA     4         @HCCINIT0_gu8v_FunPressureLowAdcCnt (D:\HF\MDST\Code\BS66F360C_CTOUCH_V512_HF-SC10B-20250630\BS66F360C_CTOUCH_V512_HF-SC10B\BS66F360C\OUTPUT\VARIANTS.OBJ)
     04h     00f3h     00f3h    0001h      DATA     4         @HCCINIT0_gu8v_AbPressureLowNorAdcCnt (D:\HF\MDST\Code\BS66F360C_CTOUCH_V512_HF-SC10B-20250630\BS66F360C_CTOUCH_V512_HF-SC10B\BS66F360C\OUTPUT\VARIANTS.OBJ)
     04h     00f4h     00f4h    0001h      DATA     4         @HCCINIT0_gu8v_AdSampCnt1 (D:\HF\MDST\Code\BS66F360C_CTOUCH_V512_HF-SC10B-20250630\BS66F360C_CTOUCH_V512_HF-SC10B\BS66F360C\OUTPUT\VARIANTS.OBJ)
     04h     00f5h     00f5h    0001h      DATA     4         @HCCINIT0_gu8v_IrDelay (D:\HF\MDST\Code\BS66F360C_CTOUCH_V512_HF-SC10B-20250630\BS66F360C_CTOUCH_V512_HF-SC10B\BS66F360C\OUTPUT\VARIANTS.OBJ)
     04h     00f6h     00f6h    0001h      DATA     4         @HCCINIT0_gu8v_KeyOffDebounce (D:\HF\MDST\Code\BS66F360C_CTOUCH_V512_HF-SC10B-20250630\BS66F360C_CTOUCH_V512_HF-SC10B\BS66F360C\OUTPUT\VARIANTS.OBJ)
     04h     00f7h     00f7h    0001h      DATA     4         @HCCINIT0_gu8v_FunPwmOutPinDuty (D:\HF\MDST\Code\BS66F360C_CTOUCH_V512_HF-SC10B-20250630\BS66F360C_CTOUCH_V512_HF-SC10B\BS66F360C\OUTPUT\VARIANTS.OBJ)
     04h     00f8h     00f8h    0001h      DATA     4         @HCCINIT0_gu8v_AbPwmOutPinDuty (D:\HF\MDST\Code\BS66F360C_CTOUCH_V512_HF-SC10B-20250630\BS66F360C_CTOUCH_V512_HF-SC10B\BS66F360C\OUTPUT\VARIANTS.OBJ)
     04h     00f9h     00f9h    0001h      DATA     4         @HCCINIT0_gu8v_Delay1S (D:\HF\MDST\Code\BS66F360C_CTOUCH_V512_HF-SC10B-20250630\BS66F360C_CTOUCH_V512_HF-SC10B\BS66F360C\OUTPUT\VARIANTS.OBJ)
     04h     00fah     00fah    0001h      DATA     4         @HCCINIT0_gu8v_Delay500mS (D:\HF\MDST\Code\BS66F360C_CTOUCH_V512_HF-SC10B-20250630\BS66F360C_CTOUCH_V512_HF-SC10B\BS66F360C\OUTPUT\VARIANTS.OBJ)
     04h     00fbh     00fbh    0001h      DATA     4         @HCCINIT0_gu8v_Delay50mS (D:\HF\MDST\Code\BS66F360C_CTOUCH_V512_HF-SC10B-20250630\BS66F360C_CTOUCH_V512_HF-SC10B\BS66F360C\OUTPUT\VARIANTS.OBJ)
     04h     00fch     00fch    0001h      DATA     4         @HCCINIT0_gu8v_Delay100mS (D:\HF\MDST\Code\BS66F360C_CTOUCH_V512_HF-SC10B-20250630\BS66F360C_CTOUCH_V512_HF-SC10B\BS66F360C\OUTPUT\VARIANTS.OBJ)
     04h     00fdh     00fdh    0001h      DATA     4         @HCCINIT0_gu8v_Delay5mS (D:\HF\MDST\Code\BS66F360C_CTOUCH_V512_HF-SC10B-20250630\BS66F360C_CTOUCH_V512_HF-SC10B\BS66F360C\OUTPUT\VARIANTS.OBJ)
     04h     00feh     00ffh    0002h      DATA     3         @HCCINIT0_gu16v_IdData (D:\HF\MDST\Code\BS66F360C_CTOUCH_V512_HF-SC10B-20250630\BS66F360C_CTOUCH_V512_HF-SC10B\BS66F360C\OUTPUT\VARIANTS.OBJ)
     05h     0080h     0080h    0001h      DATA     3         @HCCINIT0_gu8v_AbSensorDisCnt (D:\HF\MDST\Code\BS66F360C_CTOUCH_V512_HF-SC10B-20250630\BS66F360C_CTOUCH_V512_HF-SC10B\BS66F360C\OUTPUT\VARIANTS.OBJ)
     05h     0081h     0082h    0002h      DATA     3         @HCCINIT0_gu16v_AbPressureLowErrTimeCmp (D:\HF\MDST\Code\BS66F360C_CTOUCH_V512_HF-SC10B-20250630\BS66F360C_CTOUCH_V512_HF-SC10B\BS66F360C\OUTPUT\VARIANTS.OBJ)
     05h     0083h     0083h    0001h      DATA     3         @HCCINIT0_gu8v_AbNumDisCurrentValue (D:\HF\MDST\Code\BS66F360C_CTOUCH_V512_HF-SC10B-20250630\BS66F360C_CTOUCH_V512_HF-SC10B\BS66F360C\OUTPUT\VARIANTS.OBJ)
     05h     0084h     0084h    0001h      DATA     3         @HCCINIT0_gu8v_RfSendByteCnt (D:\HF\MDST\Code\BS66F360C_CTOUCH_V512_HF-SC10B-20250630\BS66F360C_CTOUCH_V512_HF-SC10B\BS66F360C\OUTPUT\VARIANTS.OBJ)
     05h     0085h     0085h    0001h      DATA     3         @HCCINIT0_gu8v_RfBitDuty (D:\HF\MDST\Code\BS66F360C_CTOUCH_V512_HF-SC10B-20250630\BS66F360C_CTOUCH_V512_HF-SC10B\BS66F360C\OUTPUT\VARIANTS.OBJ)
     05h     0086h     0086h    0001h      DATA     3         @HCCINIT0_gu8v_RfIdCopyTime (D:\HF\MDST\Code\BS66F360C_CTOUCH_V512_HF-SC10B-20250630\BS66F360C_CTOUCH_V512_HF-SC10B\BS66F360C\OUTPUT\VARIANTS.OBJ)
     05h     0087h     0088h    0002h      DATA     3         @HCCINIT0_gu16v_Fun150CalDataEeCopy (D:\HF\MDST\Code\BS66F360C_CTOUCH_V512_HF-SC10B-20250630\BS66F360C_CTOUCH_V512_HF-SC10B\BS66F360C\OUTPUT\VARIANTS.OBJ)
     05h     0089h     008ah    0002h      DATA     3         @HCCINIT0_gu16v_Ab150CalDataEeCopy (D:\HF\MDST\Code\BS66F360C_CTOUCH_V512_HF-SC10B-20250630\BS66F360C_CTOUCH_V512_HF-SC10B\BS66F360C\OUTPUT\VARIANTS.OBJ)
     05h     008bh     008bh    0001h      DATA     3         @HCCINIT0_gu8v_FunPwmOutPinDelay (D:\HF\MDST\Code\BS66F360C_CTOUCH_V512_HF-SC10B-20250630\BS66F360C_CTOUCH_V512_HF-SC10B\BS66F360C\OUTPUT\VARIANTS.OBJ)
     05h     008ch     008ch    0001h      DATA     3         @HCCINIT0_gu8v_AbPwmOutPinDelay (D:\HF\MDST\Code\BS66F360C_CTOUCH_V512_HF-SC10B-20250630\BS66F360C_CTOUCH_V512_HF-SC10B\BS66F360C\OUTPUT\VARIANTS.OBJ)
     05h     008dh     008dh    0001h      DATA     3         @HCCINIT0_gu8v_FunPwmDelay (D:\HF\MDST\Code\BS66F360C_CTOUCH_V512_HF-SC10B-20250630\BS66F360C_CTOUCH_V512_HF-SC10B\BS66F360C\OUTPUT\VARIANTS.OBJ)
     05h     008eh     008eh    0001h      DATA     3         @HCCINIT0_gu8v_FunPwmDuty (D:\HF\MDST\Code\BS66F360C_CTOUCH_V512_HF-SC10B-20250630\BS66F360C_CTOUCH_V512_HF-SC10B\BS66F360C\OUTPUT\VARIANTS.OBJ)
     05h     008fh     008fh    0001h      DATA     3         @HCCINIT0_gu8v_AbPwmDelay (D:\HF\MDST\Code\BS66F360C_CTOUCH_V512_HF-SC10B-20250630\BS66F360C_CTOUCH_V512_HF-SC10B\BS66F360C\OUTPUT\VARIANTS.OBJ)
     05h     0090h     0090h    0001h      DATA     3         @HCCINIT0_gu8v_AbPwmDuty (D:\HF\MDST\Code\BS66F360C_CTOUCH_V512_HF-SC10B-20250630\BS66F360C_CTOUCH_V512_HF-SC10B\BS66F360C\OUTPUT\VARIANTS.OBJ)
     05h     0091h     0091h    0001h      DATA     3         @HCCINIT0_gu8v_BeepType (D:\HF\MDST\Code\BS66F360C_CTOUCH_V512_HF-SC10B-20250630\BS66F360C_CTOUCH_V512_HF-SC10B\BS66F360C\OUTPUT\VARIANTS.OBJ)
     05h     0092h     0092h    0001h      DATA     3         @HCCINIT0_gu8v_Delay10mS (D:\HF\MDST\Code\BS66F360C_CTOUCH_V512_HF-SC10B-20250630\BS66F360C_CTOUCH_V512_HF-SC10B\BS66F360C\OUTPUT\VARIANTS.OBJ)
     05h     0093h     00a0h    000eh      DATA     2.9286    @HCCINIT0_gu8v_DisplayBuf (D:\HF\MDST\Code\BS66F360C_CTOUCH_V512_HF-SC10B-20250630\BS66F360C_CTOUCH_V512_HF-SC10B\BS66F360C\OUTPUT\VARIANTS.OBJ)
     05h     00a1h     00a2h    0002h      DATA     2         @HCCINIT0_gu16v_FunPressureLowErrTimeCnt (D:\HF\MDST\Code\BS66F360C_CTOUCH_V512_HF-SC10B-20250630\BS66F360C_CTOUCH_V512_HF-SC10B\BS66F360C\OUTPUT\VARIANTS.OBJ)
     05h     00a3h     00a3h    0001h      DATA     2         @HCCINIT0_gu8v_VoicePluse (D:\HF\MDST\Code\BS66F360C_CTOUCH_V512_HF-SC10B-20250630\BS66F360C_CTOUCH_V512_HF-SC10B\BS66F360C\OUTPUT\VARIANTS.OBJ)
     05h     00a4h     00a4h    0001h      DATA     2         @HCCINIT0_gu8v_RfIdCopyKeyCnt (D:\HF\MDST\Code\BS66F360C_CTOUCH_V512_HF-SC10B-20250630\BS66F360C_CTOUCH_V512_HF-SC10B\BS66F360C\OUTPUT\VARIANTS.OBJ)
     05h     00a5h     00a5h    0001h      DATA     2         @HCCINIT0_gu8v_UartDelayClearRxIndex (D:\HF\MDST\Code\BS66F360C_CTOUCH_V512_HF-SC10B-20250630\BS66F360C_CTOUCH_V512_HF-SC10B\BS66F360C\OUTPUT\VARIANTS.OBJ)
     05h     00a6h     00a6h    0001h      DATA     2         @HCCINIT0_gu8v_AcOffDebounce (D:\HF\MDST\Code\BS66F360C_CTOUCH_V512_HF-SC10B-20250630\BS66F360C_CTOUCH_V512_HF-SC10B\BS66F360C\OUTPUT\VARIANTS.OBJ)
     05h     00a7h     00a7h    0001h      DATA     2         @HCCINIT0_gu8v_Delay1mS (D:\HF\MDST\Code\BS66F360C_CTOUCH_V512_HF-SC10B-20250630\BS66F360C_CTOUCH_V512_HF-SC10B\BS66F360C\OUTPUT\VARIANTS.OBJ)
     05h     00a8h     00adh    0006h      DATA     1.1667    @HCCINIT0_gu8v_433RecValue (D:\HF\MDST\Code\BS66F360C_CTOUCH_V512_HF-SC10B-20250630\BS66F360C_CTOUCH_V512_HF-SC10B\BS66F360C\OUTPUT\VARIANTS.OBJ)
     05h     00aeh     00aeh    0001h      DATA     1         @HCCINIT0_gu8v_AbSensorLowPwmCnt (D:\HF\MDST\Code\BS66F360C_CTOUCH_V512_HF-SC10B-20250630\BS66F360C_CTOUCH_V512_HF-SC10B\BS66F360C\OUTPUT\VARIANTS.OBJ)
     05h     00afh     00b0h    0002h      DATA     1         @HCCINIT0_gu16v_FunPressureLowErrTimeCmp (D:\HF\MDST\Code\BS66F360C_CTOUCH_V512_HF-SC10B-20250630\BS66F360C_CTOUCH_V512_HF-SC10B\BS66F360C\OUTPUT\VARIANTS.OBJ)
     05h     00b1h     00b6h    0006h      DATA     1         @HCCINIT0_gu8v_433RecData (D:\HF\MDST\Code\BS66F360C_CTOUCH_V512_HF-SC10B-20250630\BS66F360C_CTOUCH_V512_HF-SC10B\BS66F360C\OUTPUT\VARIANTS.OBJ)
     05h     00b7h     00b7h    0001h      DATA     1         @HCCINIT0_gu8v_ButtonOnTkDelay (D:\HF\MDST\Code\BS66F360C_CTOUCH_V512_HF-SC10B-20250630\BS66F360C_CTOUCH_V512_HF-SC10B\BS66F360C\OUTPUT\VARIANTS.OBJ)
     05h     00b8h     00b8h    0001h      DATA     1         @HCCINIT0_gu8v_UartRxLength (D:\HF\MDST\Code\BS66F360C_CTOUCH_V512_HF-SC10B-20250630\BS66F360C_CTOUCH_V512_HF-SC10B\BS66F360C\OUTPUT\VARIANTS.OBJ)
     05h     00b9h     00b9h    0001h      DATA     1         @HCCINIT0_gu8v_BatNormalCnt (D:\HF\MDST\Code\BS66F360C_CTOUCH_V512_HF-SC10B-20250630\BS66F360C_CTOUCH_V512_HF-SC10B\BS66F360C\OUTPUT\VARIANTS.OBJ)
     05h     00bah     00bah    0001h      DATA     1         @HCCINIT0_gu8v_BatLowCnt (D:\HF\MDST\Code\BS66F360C_CTOUCH_V512_HF-SC10B-20250630\BS66F360C_CTOUCH_V512_HF-SC10B\BS66F360C\OUTPUT\VARIANTS.OBJ)
     05h     00bbh     00bbh    0001h      DATA     1         @HCCINIT0_gu8v_AdSampCnt2 (D:\HF\MDST\Code\BS66F360C_CTOUCH_V512_HF-SC10B-20250630\BS66F360C_CTOUCH_V512_HF-SC10B\BS66F360C\OUTPUT\VARIANTS.OBJ)
     05h     00bch     00bdh    0002h      DATA     1         @HCCINIT0_gu16v_KeyBuffer (D:\HF\MDST\Code\BS66F360C_CTOUCH_V512_HF-SC10B-20250630\BS66F360C_CTOUCH_V512_HF-SC10B\BS66F360C\OUTPUT\VARIANTS.OBJ)
     05h     00beh     00beh    0001h      DATA     0         @HCCINIT0_gu8v_FunSensorHighPwmCnt (D:\HF\MDST\Code\BS66F360C_CTOUCH_V512_HF-SC10B-20250630\BS66F360C_CTOUCH_V512_HF-SC10B\BS66F360C\OUTPUT\VARIANTS.OBJ)
     05h     00bfh     00bfh    0001h      DATA     0         @HCCINIT0_gu8v_FunSensorLowPwmCnt (D:\HF\MDST\Code\BS66F360C_CTOUCH_V512_HF-SC10B-20250630\BS66F360C_CTOUCH_V512_HF-SC10B\BS66F360C\OUTPUT\VARIANTS.OBJ)
     05h     00c0h     00c0h    0001h      DATA     0         @HCCINIT0_gu8v_AbSensorHighPwmCnt (D:\HF\MDST\Code\BS66F360C_CTOUCH_V512_HF-SC10B-20250630\BS66F360C_CTOUCH_V512_HF-SC10B\BS66F360C\OUTPUT\VARIANTS.OBJ)
     05h     00c1h     00c1h    0001h      DATA     0         @HCCINIT0_gu8v_FunSensorPressureCnt (D:\HF\MDST\Code\BS66F360C_CTOUCH_V512_HF-SC10B-20250630\BS66F360C_CTOUCH_V512_HF-SC10B\BS66F360C\OUTPUT\VARIANTS.OBJ)
     05h     00c2h     00c2h    0001h      DATA     0         @HCCINIT0_gu8v_PressureModeCopy (D:\HF\MDST\Code\BS66F360C_CTOUCH_V512_HF-SC10B-20250630\BS66F360C_CTOUCH_V512_HF-SC10B\BS66F360C\OUTPUT\VARIANTS.OBJ)
     05h     00c3h     00c3h    0001h      DATA     0         @HCCINIT0_gu8v_RfSendCycle (D:\HF\MDST\Code\BS66F360C_CTOUCH_V512_HF-SC10B-20250630\BS66F360C_CTOUCH_V512_HF-SC10B\BS66F360C\OUTPUT\VARIANTS.OBJ)
     05h     00c4h     00d7h    0014h      DATA     0         @HCCINIT0_gu8v_UartRxBuf (D:\HF\MDST\Code\BS66F360C_CTOUCH_V512_HF-SC10B-20250630\BS66F360C_CTOUCH_V512_HF-SC10B\BS66F360C\OUTPUT\VARIANTS.OBJ)
     05h     00d8h     00ebh    0014h      DATA     0         @HCCINIT0_gu8v_UartTxBuf (D:\HF\MDST\Code\BS66F360C_CTOUCH_V512_HF-SC10B-20250630\BS66F360C_CTOUCH_V512_HF-SC10B\BS66F360C\OUTPUT\VARIANTS.OBJ)
     05h     00ech     00efh    0004h      DATA     0         @HCCINIT0_gu8v_433CopyIdData1 (D:\HF\MDST\Code\BS66F360C_CTOUCH_V512_HF-SC10B-20250630\BS66F360C_CTOUCH_V512_HF-SC10B\BS66F360C\OUTPUT\VARIANTS.OBJ)
     05h     00f0h     00f0h    0001h      DATA     0         @HCCINIT0_gu8v_RfIdCopyLedDisStep (D:\HF\MDST\Code\BS66F360C_CTOUCH_V512_HF-SC10B-20250630\BS66F360C_CTOUCH_V512_HF-SC10B\BS66F360C\OUTPUT\VARIANTS.OBJ)
     05h     00f1h     00f1h    0001h      DATA     0         @HCCINIT0_gu8v_LvdDebounce (D:\HF\MDST\Code\BS66F360C_CTOUCH_V512_HF-SC10B-20250630\BS66F360C_CTOUCH_V512_HF-SC10B\BS66F360C\OUTPUT\VARIANTS.OBJ)
     05h     00f2h     00f2h    0001h      DATA     0         @HCCINIT0_gu8v_UartTxLength (D:\HF\MDST\Code\BS66F360C_CTOUCH_V512_HF-SC10B-20250630\BS66F360C_CTOUCH_V512_HF-SC10B\BS66F360C\OUTPUT\VARIANTS.OBJ)
     05h     00f3h     00f3h    0001h      DATA     0         @HCCINIT0_gu8v_UartTxIndex (D:\HF\MDST\Code\BS66F360C_CTOUCH_V512_HF-SC10B-20250630\BS66F360C_CTOUCH_V512_HF-SC10B\BS66F360C\OUTPUT\VARIANTS.OBJ)
     05h     00f4h     00f4h    0001h      DATA     0         @HCCINIT0_gu8v_CalDcfScan (D:\HF\MDST\Code\BS66F360C_CTOUCH_V512_HF-SC10B-20250630\BS66F360C_CTOUCH_V512_HF-SC10B\BS66F360C\OUTPUT\VARIANTS.OBJ)
     05h     00f5h     00f5h    0001h      DATA     0         @HCCINIT0_gu8v_FunPressureNoFullCmp (D:\HF\MDST\Code\BS66F360C_CTOUCH_V512_HF-SC10B-20250630\BS66F360C_CTOUCH_V512_HF-SC10B\BS66F360C\OUTPUT\VARIANTS.OBJ)
     05h     00f6h     00f7h    0002h      DATA     0         @HCCINIT0_gu16v_FunSensroCalCopy (D:\HF\MDST\Code\BS66F360C_CTOUCH_V512_HF-SC10B-20250630\BS66F360C_CTOUCH_V512_HF-SC10B\BS66F360C\OUTPUT\VARIANTS.OBJ)
     05h     00f8h     00f8h    0001h      DATA     0         @HCCINIT0_gu8v_AbPressureNoFullCmp (D:\HF\MDST\Code\BS66F360C_CTOUCH_V512_HF-SC10B-20250630\BS66F360C_CTOUCH_V512_HF-SC10B\BS66F360C\OUTPUT\VARIANTS.OBJ)
     05h     00f9h     00fah    0002h      DATA     0         @HCCINIT0_gu16v_AbSensroCalCopy (D:\HF\MDST\Code\BS66F360C_CTOUCH_V512_HF-SC10B-20250630\BS66F360C_CTOUCH_V512_HF-SC10B\BS66F360C\OUTPUT\VARIANTS.OBJ)
     05h     00fbh     00fch    0002h      DATA     0         @HCCINIT0_gu16v_CalData (D:\HF\MDST\Code\BS66F360C_CTOUCH_V512_HF-SC10B-20250630\BS66F360C_CTOUCH_V512_HF-SC10B\BS66F360C\OUTPUT\VARIANTS.OBJ)
     05h     00fdh     00fdh    0001h      DATA     0         @HCCINIT0_gu8v_12vOutDebounce (D:\HF\MDST\Code\BS66F360C_CTOUCH_V512_HF-SC10B-20250630\BS66F360C_CTOUCH_V512_HF-SC10B\BS66F360C\OUTPUT\VARIANTS.OBJ)
     05h     00feh     00feh    0001h      DATA     0         @HCCINIT0_gu8v_12vInDebounce (D:\HF\MDST\Code\BS66F360C_CTOUCH_V512_HF-SC10B-20250630\BS66F360C_CTOUCH_V512_HF-SC10B\BS66F360C\OUTPUT\VARIANTS.OBJ)
     05h     00ffh     00ffh    0001h      DATA     0         @HCCINIT0_gu8v_IrSampling (D:\HF\MDST\Code\BS66F360C_CTOUCH_V512_HF-SC10B-20250630\BS66F360C_CTOUCH_V512_HF-SC10B\BS66F360C\OUTPUT\VARIANTS.OBJ)
     06h     0080h     0080h    0001h      DATA     0         @HCCINIT0_gu8v_IrBitCnt (D:\HF\MDST\Code\BS66F360C_CTOUCH_V512_HF-SC10B-20250630\BS66F360C_CTOUCH_V512_HF-SC10B\BS66F360C\OUTPUT\VARIANTS.OBJ)
     06h     0081h     0084h    0004h      DATA     0         @HCCINIT0_gu8v_IrRecData (D:\HF\MDST\Code\BS66F360C_CTOUCH_V512_HF-SC10B-20250630\BS66F360C_CTOUCH_V512_HF-SC10B\BS66F360C\OUTPUT\VARIANTS.OBJ)
     06h     0085h     0086h    0002h      DATA     0         @HCCINIT0_gu16v_KeyValue (D:\HF\MDST\Code\BS66F360C_CTOUCH_V512_HF-SC10B-20250630\BS66F360C_CTOUCH_V512_HF-SC10B\BS66F360C\OUTPUT\VARIANTS.OBJ)
     06h     0087h     0087h    0001h      DATA     0         @HCCINIT0_gu8v_TimerMode (D:\HF\MDST\Code\BS66F360C_CTOUCH_V512_HF-SC10B-20250630\BS66F360C_CTOUCH_V512_HF-SC10B\BS66F360C\OUTPUT\VARIANTS.OBJ)
     06h     0088h     0088h    0001h      DATA     0         @HCCINIT0_gu8v_BeepStep (D:\HF\MDST\Code\BS66F360C_CTOUCH_V512_HF-SC10B-20250630\BS66F360C_CTOUCH_V512_HF-SC10B\BS66F360C\OUTPUT\VARIANTS.OBJ)
     06h     0089h     0089h    0001h      DATA     2         @data_r320 (isr:ra~rh)
     06h     008ah     008ah    0001h      DATA     2         @data_r420 (isr:ra~rh)
     06h     008bh     008bh    0001h      DATA     2         @data_r520 (isr:ra~rh)
     06h     008ch     008ch    0001h      DATA     2         @data_r620 (isr:ra~rh)
     06h     008dh     008dh    0001h      DATA     2         @data_r720 (isr:ra~rh)

     Local Sections

     Bank    Start     End      Length     Class    AvgIns    Name
     00h     00c3h     00c3h    0000h      LOCAL    0         _USER_PROGRAM_INITIAL (D:\HF\MDST\Code\BS66F360C_CTOUCH_V512_HF-SC10B-20250630\BS66F360C_CTOUCH_V512_HF-SC10B\BS66F360C\OUTPUT\USER_PROGRAM.OBJ)
     00h     00c3h     00c3h    0000h      LOCAL    0         _Sys_Init (D:\HF\MDST\Code\BS66F360C_CTOUCH_V512_HF-SC10B-20250630\BS66F360C_CTOUCH_V512_HF-SC10B\BS66F360C\OUTPUT\INITIAL.OBJ)
     00h     00c3h     00c3h    0000h      LOCAL    0         _User_Init (D:\HF\MDST\Code\BS66F360C_CTOUCH_V512_HF-SC10B-20250630\BS66F360C_CTOUCH_V512_HF-SC10B\BS66F360C\OUTPUT\INITIAL.OBJ)
     00h     00c3h     00c3h    0000h      LOCAL    0         _Work_StatusRegInit (D:\HF\MDST\Code\BS66F360C_CTOUCH_V512_HF-SC10B-20250630\BS66F360C_CTOUCH_V512_HF-SC10B\BS66F360C\OUTPUT\INITIAL.OBJ)
     00h     00c3h     00c3h    0000h      LOCAL    0         _Work_SensorAdcRegInit (D:\HF\MDST\Code\BS66F360C_CTOUCH_V512_HF-SC10B-20250630\BS66F360C_CTOUCH_V512_HF-SC10B\BS66F360C\OUTPUT\INITIAL.OBJ)
     00h     00c3h     00c3h    0000h      LOCAL    0         _Init_TimerReg (D:\HF\MDST\Code\BS66F360C_CTOUCH_V512_HF-SC10B-20250630\BS66F360C_CTOUCH_V512_HF-SC10B\BS66F360C\OUTPUT\INITIAL.OBJ)
     00h     00cdh     00cdh    0000h      LOCAL    0         _USER_PROGRAM (D:\HF\MDST\Code\BS66F360C_CTOUCH_V512_HF-SC10B-20250630\BS66F360C_CTOUCH_V512_HF-SC10B\BS66F360C\OUTPUT\USER_PROGRAM.OBJ)
     00h     00c3h     00c3h    0000h      LOCAL    0         _GET_KEY_BITMAP (D:\HF\MDST\Code\BS66F360C_CTOUCH_V512_HF-SC10B-20250630\BS66F360C_CTOUCH_V512_HF-SC10B\BS66F360C\OUTPUT\MAIN_PROGRAM_V300.OBJ)
     00h     00c4h     00c4h    0000h      LOCAL    0         _Key_Task (D:\HF\MDST\Code\BS66F360C_CTOUCH_V512_HF-SC10B-20250630\BS66F360C_CTOUCH_V512_HF-SC10B\BS66F360C\OUTPUT\KEY.OBJ)
     00h     00c4h     00c4h    0000h      LOCAL    0         _Fun_CalModeProcess (D:\HF\MDST\Code\BS66F360C_CTOUCH_V512_HF-SC10B-20250630\BS66F360C_CTOUCH_V512_HF-SC10B\BS66F360C\OUTPUT\FUNCTION.OBJ)
     00h     00c3h     00c3h    0001h      LOCAL    4         _Beep (D:\HF\MDST\Code\BS66F360C_CTOUCH_V512_HF-SC10B-20250630\BS66F360C_CTOUCH_V512_HF-SC10B\BS66F360C\OUTPUT\BEEP.OBJ)
     00h     00cbh     00cbh    0000h      LOCAL    0         _ADC_Task (D:\HF\MDST\Code\BS66F360C_CTOUCH_V512_HF-SC10B-20250630\BS66F360C_CTOUCH_V512_HF-SC10B\BS66F360C\OUTPUT\ADC.OBJ)
     00h     00c3h     00c3h    0000h      LOCAL    0         _Read_AdcValue (D:\HF\MDST\Code\BS66F360C_CTOUCH_V512_HF-SC10B-20250630\BS66F360C_CTOUCH_V512_HF-SC10B\BS66F360C\OUTPUT\ADC.OBJ)
     00h     00c3h     00cah    0008h      LOCAL    10.375    _builtin_holtek_divmodhi4_isr00 (E:\Program Files\Holtek MCU Development Tools\HT-IDE3000V8.x\LIB\LIBHOLTEKGCC.LIB)
     00h     00c3h     00c7h    0005h      LOCAL    10.2      _builtin_holtek_divmodqi4_isr00 (E:\Program Files\Holtek MCU Development Tools\HT-IDE3000V8.x\LIB\LIBHOLTEKGCC.LIB)
     00h     00cch     00cch    0001h      LOCAL    3         _Function_Task (D:\HF\MDST\Code\BS66F360C_CTOUCH_V512_HF-SC10B-20250630\BS66F360C_CTOUCH_V512_HF-SC10B\BS66F360C\OUTPUT\FUNCTION.OBJ)
     00h     00c3h     00c3h    0001h      LOCAL    6         _Fun_IrRecKeyProcess (D:\HF\MDST\Code\BS66F360C_CTOUCH_V512_HF-SC10B-20250630\BS66F360C_CTOUCH_V512_HF-SC10B\BS66F360C\OUTPUT\FUNCTION.OBJ)
     00h     00c4h     00c4h    0000h      LOCAL    0         _Fun_WorkOnMode (D:\HF\MDST\Code\BS66F360C_CTOUCH_V512_HF-SC10B-20250630\BS66F360C_CTOUCH_V512_HF-SC10B\BS66F360C\OUTPUT\FUNCTION.OBJ)
     00h     00c4h     00c4h    0000h      LOCAL    0         _Fun_KeyPressedProcess (D:\HF\MDST\Code\BS66F360C_CTOUCH_V512_HF-SC10B-20250630\BS66F360C_CTOUCH_V512_HF-SC10B\BS66F360C\OUTPUT\FUNCTION.OBJ)
     00h     00c3h     00c3h    0001h      LOCAL    4         _Fun_GenVoicePluse (D:\HF\MDST\Code\BS66F360C_CTOUCH_V512_HF-SC10B-20250630\BS66F360C_CTOUCH_V512_HF-SC10B\BS66F360C\OUTPUT\FUNCTION.OBJ)
     00h     00c3h     00c3h    0000h      LOCAL    0         _Fun_FirstEnterFunMode (D:\HF\MDST\Code\BS66F360C_CTOUCH_V512_HF-SC10B-20250630\BS66F360C_CTOUCH_V512_HF-SC10B\BS66F360C\OUTPUT\FUNCTION.OBJ)
     00h     00c3h     00c3h    0000h      LOCAL    0         _Fun_EnterJiaotiMode (D:\HF\MDST\Code\BS66F360C_CTOUCH_V512_HF-SC10B-20250630\BS66F360C_CTOUCH_V512_HF-SC10B\BS66F360C\OUTPUT\FUNCTION.OBJ)
     00h     00c3h     00c3h    0000h      LOCAL    0         _Fun_JiaoTiModeProcess (D:\HF\MDST\Code\BS66F360C_CTOUCH_V512_HF-SC10B-20250630\BS66F360C_CTOUCH_V512_HF-SC10B\BS66F360C\OUTPUT\FUNCTION.OBJ)
     00h     00c3h     00c3h    0000h      LOCAL    0         _Fun_PowerOnMode (D:\HF\MDST\Code\BS66F360C_CTOUCH_V512_HF-SC10B-20250630\BS66F360C_CTOUCH_V512_HF-SC10B\BS66F360C\OUTPUT\FUNCTION.OBJ)
     00h     00c3h     00c3h    0000h      LOCAL    0         _Fun_InitWorkOffMode (D:\HF\MDST\Code\BS66F360C_CTOUCH_V512_HF-SC10B-20250630\BS66F360C_CTOUCH_V512_HF-SC10B\BS66F360C\OUTPUT\FUNCTION.OBJ)
     00h     00c3h     00c3h    0000h      LOCAL    0         _FactoryMode_Task (D:\HF\MDST\Code\BS66F360C_CTOUCH_V512_HF-SC10B-20250630\BS66F360C_CTOUCH_V512_HF-SC10B\BS66F360C\OUTPUT\KEY.OBJ)
     00h     00c4h     00c4h    0000h      LOCAL    0         _Fun_WorkOffMode (D:\HF\MDST\Code\BS66F360C_CTOUCH_V512_HF-SC10B-20250630\BS66F360C_CTOUCH_V512_HF-SC10B\BS66F360C\OUTPUT\FUNCTION.OBJ)
     00h     00c3h     00c3h    0000h      LOCAL    0         _Fun_InitWorkOnMode (D:\HF\MDST\Code\BS66F360C_CTOUCH_V512_HF-SC10B-20250630\BS66F360C_CTOUCH_V512_HF-SC10B\BS66F360C\OUTPUT\FUNCTION.OBJ)
     00h     00cch     00cch    0000h      LOCAL    0         _Fun_PublicProcess (D:\HF\MDST\Code\BS66F360C_CTOUCH_V512_HF-SC10B-20250630\BS66F360C_CTOUCH_V512_HF-SC10B\BS66F360C\OUTPUT\FUNCTION.OBJ)
     00h     00c5h     00cbh    0007h      LOCAL    6         _EEPROM_WriteBytes (D:\HF\MDST\Code\BS66F360C_CTOUCH_V512_HF-SC10B-20250630\BS66F360C_CTOUCH_V512_HF-SC10B\BS66F360C\OUTPUT\EEPROM.OBJ)
     00h     00c3h     00c4h    0002h      LOCAL    2.5       _writer_eeprom (D:\HF\MDST\Code\BS66F360C_CTOUCH_V512_HF-SC10B-20250630\BS66F360C_CTOUCH_V512_HF-SC10B\BS66F360C\OUTPUT\EEPROM.OBJ)
     00h     00c3h     00c3h    0001h      LOCAL    1         _read_eeprom (D:\HF\MDST\Code\BS66F360C_CTOUCH_V512_HF-SC10B-20250630\BS66F360C_CTOUCH_V512_HF-SC10B\BS66F360C\OUTPUT\EEPROM.OBJ)
     00h     00c4h     00c6h    0003h      LOCAL    5.3333    _EEPROM_ReadBytes (D:\HF\MDST\Code\BS66F360C_CTOUCH_V512_HF-SC10B-20250630\BS66F360C_CTOUCH_V512_HF-SC10B\BS66F360C\OUTPUT\EEPROM.OBJ)
     00h     00c3h     00c3h    0000h      LOCAL    0         _Fun_IoConProcess (D:\HF\MDST\Code\BS66F360C_CTOUCH_V512_HF-SC10B-20250630\BS66F360C_CTOUCH_V512_HF-SC10B\BS66F360C\OUTPUT\FUNCTION.OBJ)
     00h     00c9h     00c9h    0000h      LOCAL    0         _FunPressure_Task (D:\HF\MDST\Code\BS66F360C_CTOUCH_V512_HF-SC10B-20250630\BS66F360C_CTOUCH_V512_HF-SC10B\BS66F360C\OUTPUT\FUNCTION.OBJ)
     00h     00c3h     00c3h    0001h      LOCAL    3         _GetSensorCalAdcData_Task (D:\HF\MDST\Code\BS66F360C_CTOUCH_V512_HF-SC10B-20250630\BS66F360C_CTOUCH_V512_HF-SC10B\BS66F360C\OUTPUT\FUNCTION.OBJ)
     00h     00c3h     00c8h    0006h      LOCAL    3.1667    _builtin_holtek_mulhi3_isr00 (E:\Program Files\Holtek MCU Development Tools\HT-IDE3000V8.x\LIB\LIBHOLTEKGCC.LIB)
     00h     00c8h     00c9h    0002h      LOCAL    9         _Display_Task (D:\HF\MDST\Code\BS66F360C_CTOUCH_V512_HF-SC10B-20250630\BS66F360C_CTOUCH_V512_HF-SC10B\BS66F360C\OUTPUT\DISPLAY.OBJ)
     00h     00c3h     00c3h    0001h      LOCAL    2         _Dis_SetDisBufferAll (D:\HF\MDST\Code\BS66F360C_CTOUCH_V512_HF-SC10B-20250630\BS66F360C_CTOUCH_V512_HF-SC10B\BS66F360C\OUTPUT\DISPLAY.OBJ)
     00h     00c2h     00c2h    0000h      LOCAL    0         _Crom2Prom (CROM2PROM)
     00h     00c3h     00c3h    0000h      LOCAL    0         _InitIoPort (D:\HF\MDST\Code\BS66F360C_CTOUCH_V512_HF-SC10B-20250630\BS66F360C_CTOUCH_V512_HF-SC10B\BS66F360C\OUTPUT\AIP1628.OBJ)
     00h     00c4h     00c4h    0001h      LOCAL    2         _SendCommand (D:\HF\MDST\Code\BS66F360C_CTOUCH_V512_HF-SC10B-20250630\BS66F360C_CTOUCH_V512_HF-SC10B\BS66F360C\OUTPUT\AIP1628.OBJ)
     00h     00c3h     00c3h    0001h      LOCAL    3         _SendByte (D:\HF\MDST\Code\BS66F360C_CTOUCH_V512_HF-SC10B-20250630\BS66F360C_CTOUCH_V512_HF-SC10B\BS66F360C\OUTPUT\AIP1628.OBJ)
     00h     00c3h     00c3h    0000h      LOCAL    0         __DELAYX (E:\Program Files\Holtek MCU Development Tools\HT-IDE3000V8.x\LIB\LIBHOLTEKGCC.LIB)
     00h     00c3h     00c3h    0000h      LOCAL    0         _Time_Base (D:\HF\MDST\Code\BS66F360C_CTOUCH_V512_HF-SC10B-20250630\BS66F360C_CTOUCH_V512_HF-SC10B\BS66F360C\OUTPUT\INTERRUPT.OBJ)
     00h     00c3h     00c3h    0000h      LOCAL    0         @dummy32 (D:\HF\MDST\Code\BS66F360C_CTOUCH_V512_HF-SC10B-20250630\BS66F360C_CTOUCH_V512_HF-SC10B\BS66F360C\OUTPUT\INTERRUPT.OBJ)
     00h     00c2h     00c2h    0001h      LOCAL    10        _MF2_ISR (D:\HF\MDST\Code\BS66F360C_CTOUCH_V512_HF-SC10B-20250630\BS66F360C_CTOUCH_V512_HF-SC10B\BS66F360C\OUTPUT\INTERRUPT.OBJ)

     Indepentent Local Sections

     Bank    Start     End      Length     Class    AvgIns    Name
     00h     00c3h     00c3h    0000h      ILOCAL   0         _GET_LIB_VER (D:\HF\MDST\Code\BS66F360C_CTOUCH_V512_HF-SC10B-20250630\BS66F360C_CTOUCH_V512_HF-SC10B\BS66F360C\OUTPUT\MAIN_PROGRAM_V300.OBJ)
     00h     00c3h     00c3h    0000h      ILOCAL   0         _GET_RCC_VALUE (D:\HF\MDST\Code\BS66F360C_CTOUCH_V512_HF-SC10B-20250630\BS66F360C_CTOUCH_V512_HF-SC10B\BS66F360C\OUTPUT\MAIN_PROGRAM_V300.OBJ)
     00h     00c3h     00c3h    0000h      ILOCAL   0         _GET_ENV_VALUE (D:\HF\MDST\Code\BS66F360C_CTOUCH_V512_HF-SC10B-20250630\BS66F360C_CTOUCH_V512_HF-SC10B\BS66F360C\OUTPUT\MAIN_PROGRAM_V300.OBJ)
     00h     00c3h     00c3h    0000h      ILOCAL   0         _GET_REF_VALUE (D:\HF\MDST\Code\BS66F360C_CTOUCH_V512_HF-SC10B-20250630\BS66F360C_CTOUCH_V512_HF-SC10B\BS66F360C\OUTPUT\MAIN_PROGRAM_V300.OBJ)
     01h     00f0h     00f0h    0000h      ILOCAL   0         _USER_PROGRAM_HALT_PREPARE (D:\HF\MDST\Code\BS66F360C_CTOUCH_V512_HF-SC10B-20250630\BS66F360C_CTOUCH_V512_HF-SC10B\BS66F360C\OUTPUT\USER_PROGRAM.OBJ)
     01h     00f0h     00f0h    0000h      ILOCAL   0         _USER_PROGRAM_HALT_WAKEUP (D:\HF\MDST\Code\BS66F360C_CTOUCH_V512_HF-SC10B-20250630\BS66F360C_CTOUCH_V512_HF-SC10B\BS66F360C\OUTPUT\USER_PROGRAM.OBJ)
     01h     00f0h     00f0h    0000h      ILOCAL   0         _USER_PROGRAM_RETURN_MAIN (D:\HF\MDST\Code\BS66F360C_CTOUCH_V512_HF-SC10B-20250630\BS66F360C_CTOUCH_V512_HF-SC10B\BS66F360C\OUTPUT\USER_PROGRAM.OBJ)
     00h     00c3h     00c3h    0000h      ILOCAL   0         GET_KEY_THR_MP1 (C:\Users\32880\AppData\Local\Temp\BS66F360C_CTOUCH_V512.OBJ)
     00h     00c3h     00c3h    0000h      ILOCAL   0         _SET_KEY_THR (C:\Users\32880\AppData\Local\Temp\BS66F360C_CTOUCH_V512.OBJ)
     00h     00c3h     00c3h    0000h      ILOCAL   0         _GET_KEY_AMOUNT (C:\Users\32880\AppData\Local\Temp\BS66F360C_CTOUCH_V512.OBJ)
     01h     00f0h     00f0h    0001h      ILOCAL   4         _Beep_Task (D:\HF\MDST\Code\BS66F360C_CTOUCH_V512_HF-SC10B-20250630\BS66F360C_CTOUCH_V512_HF-SC10B\BS66F360C\OUTPUT\BEEP.OBJ)

     Public Symbols Information
     Address            Public by Name
     00a2h              BALANCE_BUF
     00a1h              CHANNEL_INDEX
     0402h              GET_KEY_REF_MPX
     0406h              GET_KEY_THR_MP1
     03fdh              GET_M11_LIMIT_MPX
     03f9h              GET_M3_LIMIT_MPX
     00aah              HALT_CAL_TIME
     007bh              HALT_SAMPLING
     007bh              HALT_SAVE_DATA
     009fh              KEY_DBCE
     00a0h              KEY_STATE_BUF
     00a5h              SAMPLE_TIMES
     00a9h              SENS_CTRL
     0094h              TKM_BUF
     0087h              TKS_STACK
     00a6h              TKS_TIMER
     1307h              _ADC_Task
     00abh[3]           _ANY_KEY_PRESSF
     0060h              _AUTOCHECKTOUCHIO
     0280h              _BALANCE_CAP
     0135h              _BS66F360C_CTOUCH
     007bh              _BS66F360C_CTOUCH_HALT_PREPARE
     007ah              _BS66F360C_CTOUCH_HALT_WAKEUP
     014ch              _BS66F360C_CTOUCH_INITIAL
     007bh              _BS66F360C_CTOUCH_RETURN_MAIN
     0e31h              _Beep
     15ech              _Beep_Task
     007ah              _CHECK_KEY_ENTER_HALT
     0010h              _Crom2Prom
     0010h              _Crom2PromNext
     00adh              _DATA_BUF
     00cfh              _DcfFlag1
     094bh              _Dis_SetDisBufferAll
     095bh              _Display_Task
     0dcbh              _EEPROM_ReadBytes
     0e66h              _EEPROM_WriteBytes
     00c7h              _EEPROM_WriteBytes_2
     00abh[0]           _FORCE_CALIBRATEF
     105ch              _FactoryMode_Task
     0b11h              _FunPressure_Task
     1499h              _Fun_CalModeProcess
     10c5h              _Fun_EnterJiaotiMode
     10d2h              _Fun_FirstEnterFunMode
     0fb6h              _Fun_GenVoicePluse
     1070h              _Fun_InitWorkOffMode
     1037h              _Fun_InitWorkOnMode
     0d82h              _Fun_IoConProcess
     129bh              _Fun_IrRecKeyProcess
     107ch              _Fun_JiaoTiModeProcess
     10e0h              _Fun_KeyPressedProcess
     1075h              _Fun_PowerOnMode
     0e9eh              _Fun_PublicProcess
     104bh              _Fun_WorkOffMode
     124dh              _Fun_WorkOnMode
     12deh              _Function_Task
     0037h              _GETHYSTERESIS
     002fh              _GETPONRESETTIMES
     002bh              _GETSAMPLEWINDOWLIMIT
     0168h              _GETSAMPLEWINDOWLIMIT_RET
     0028h              _GETTKTMRSENS
     006ah              _GET_ENV_VALUE
     040eh              _GET_KEY_AMOUNT
     0063h              _GET_KEY_BITMAP
     0060h              _GET_LIB_VER
     0067h              _GET_RCC_VALUE
     006bh              _GET_REF_VALUE
     0080h              _GLOBE_VARIES
     0abah              _GetSensorCalAdcData_Task
     00b5h              _HALT_STATE
     0008h              _InitIoPort
     0fcdh              _Init_TimerReg
     0090h              _KEY_DATA
     008ch              _KEY_IO_SEL
     0180h              _KEY_REF
     01d4h              _KEY_STATUS
     01b8h              _KEY_THR
     00d3h              _KeyFlag1
     00d4h              _KeyFlag2
     00deh              _KeyFlag3
     14cfh              _Key_Task
     014dh              _LIBRARY_RESET
     01a8h              _LOAD_BALCAP
     0039h              _LOAD_TKS_GLOBE_VARIES
     06e9h              _MF2_ISR
     0031h              _PONDIVRESET
     02bch              _PON_CALIBRATE_ENTER
     0003h              _R_NumTable
     12f3h              _Read_AdcValue
     00abh[2]           _SCAN_CYCLEF
     040bh              _SET_KEY_THR
     0084h              _STANDBY_TIME
     0085h              _STANDBY_TIME_CTRL
     0906h              _SendByte
     0922h              _SendCommand
     158eh              _Sys_Init
     023ch              _TKM_RESET
     00abh[5]           _TKS_250MSF
     00abh[6]           _TKS_500MSF
     00abh[4]           _TKS_63MSF
     00abh[1]           _TKS_ACTIVEF
     00abh              _TKS_FLAGA
     0086h              _TKS_TIME_BASE
     0060h              _TOUCHKEYRAMRESET
     00ach[0]           _TOUCH_POWER_SAVEF
     00d1h              _TimeFlag1
     00f7h              _TimeFlag2
     08b1h              _Time_Base
     155eh              _USER_PROGRAM
     001eh              _USER_PROGRAM_HALT_PREPARE
     001fh              _USER_PROGRAM_HALT_WAKEUP
     15e8h              _USER_PROGRAM_INITIAL
     15ebh              _USER_PROGRAM_RETURN_MAIN
     157dh              _User_Init
     00d5h              _WorkFlag1
     00d6h              _WorkFlag2
     00dbh              _WorkFlag3
     00d0h              _WorkFlag4
     00ceh              _WorkFlag5
     00d2h              _WorkFlag6
     00cdh              _WorkModeFlag
     0fdeh              _Work_SensorAdcRegInit
     1000h              _Work_StatusRegInit
     08ffh              __DELAYX0
     08feh              __DELAYX1
     08feh              __DELAYX2
     08fdh              __DELAYX3
     08fdh              __DELAYX4
     08fch              __DELAYX5
     08fch              __DELAYX6
     01b0h              __LOAD_BALCAP
     0aa7h              _builtin_holtek_mulhi3_isr00
     0e0ch              _builtin_holtek_udivmodhi4_isr00
     0932h              _builtin_holtek_udivmodqi4_isr00
     02f5h              _gu16v_ABAdcSensor
     01f6h              _gu16v_Ab150CalDataEe
     0589h              _gu16v_Ab150CalDataEeCopy
     01f8h              _gu16v_Ab7P5mmHgData
     00e3h              _gu16v_AbAdcZeroData
     02f3h              _gu16v_AbAdcZeroDataSum
     03fch              _gu16v_AbNumDisValueOld
     0581h              _gu16v_AbPressureLowErrTimeCmp
     00fbh              _gu16v_AbPressureLowErrTimeCnt
     05f9h              _gu16v_AbSensroCalCopy
     00d9h              _gu16v_AbSensroCmp
     02fdh              _gu16v_AdMaxTemp1
     02f9h              _gu16v_AdMaxTemp2
     02fbh              _gu16v_AdMinTemp1
     02f7h              _gu16v_AdMinTemp2
     00f1h              _gu16v_AdcValue1
     00efh              _gu16v_AdcValue2
     00f5h              _gu16v_AutoModeCycle
     05fbh              _gu16v_CalData
     01f4h              _gu16v_EeTemp
     01f2h              _gu16v_Fun150CalDataEe
     0587h              _gu16v_Fun150CalDataEeCopy
     00ebh              _gu16v_Fun7P5mmHgData
     00edh              _gu16v_FunAdcSensor
     00e1h              _gu16v_FunAdcZeroData
     02f0h              _gu16v_FunAdcZeroDataSum
     05afh              _gu16v_FunPressureLowErrTimeCmp
     05a1h              _gu16v_FunPressureLowErrTimeCnt
     05f6h              _gu16v_FunSensroCalCopy
     01f0h              _gu16v_FunSensroCmp
     04feh              _gu16v_IdData
     01fch              _gu16v_JiaoTiTime
     01fah              _gu16v_JiaoTiTimeCmp
     00dch              _gu16v_JiaoTiTimeCnt
     05bch              _gu16v_KeyBuffer
     0685h              _gu16v_KeyValue
     03f8h              _gu8v_12KpDebounce
     05feh              _gu8v_12vInDebounce
     05fdh              _gu8v_12vOutDebounce
     00e8h              _gu8v_433BitCnt
     00e7h              _gu8v_433ByteCnt
     05ech              _gu8v_433CopyIdData1
     05b1h              _gu8v_433RecData
     05a8h              _gu8v_433RecValue
     00fah              _gu8v_433_H_cnt
     00e9h              _gu8v_433_L_Cnt
     03f7h              _gu8v_7KpDebounce
     00d7h              _gu8v_AbFangQiTime
     03ffh              _gu8v_AbGetAdcZeroCnt
     03f5h              _gu8v_AbMotoOffDebounce
     03f3h              _gu8v_AbMotoOnDebounce
     0583h              _gu8v_AbNumDisCurrentValue
     00d8h              _gu8v_AbNumDisValue
     01ffh              _gu8v_AbPressureFullAdcCnt
     04f3h              _gu8v_AbPressureLowNorAdcCnt
     02f2h              _gu8v_AbPressureNoFullAdcCnt
     05f8h              _gu8v_AbPressureNoFullCmp
     058fh              _gu8v_AbPwmDelay
     0590h              _gu8v_AbPwmDuty
     058ch              _gu8v_AbPwmOutPinDelay
     04f8h              _gu8v_AbPwmOutPinDuty
     0580h              _gu8v_AbSensorDisCnt
     05c0h              _gu8v_AbSensorHighPwmCnt
     05aeh              _gu8v_AbSensorLowPwmCnt
     03f9h              _gu8v_AbSensorPressureCnt
     05a6h              _gu8v_AcOffDebounce
     04f4h              _gu8v_AdSampCnt1
     05bbh              _gu8v_AdSampCnt2
     05bah              _gu8v_BatLowCnt
     05b9h              _gu8v_BatNormalCnt
     03f2h              _gu8v_BeepCnt
     0688h              _gu8v_BeepStep
     00e6h              _gu8v_BeepTime
     0591h              _gu8v_BeepType
     05b7h              _gu8v_ButtonOnTkDelay
     05f4h              _gu8v_CalDcfScan
     00eah              _gu8v_CalModeIndex
     04fch              _gu8v_Delay100mS
     0592h              _gu8v_Delay10mS
     04f9h              _gu8v_Delay1S
     05a7h              _gu8v_Delay1mS
     04fah              _gu8v_Delay500mS
     04fbh              _gu8v_Delay50mS
     04fdh              _gu8v_Delay5mS
     0593h              _gu8v_DisplayBuf
     04f0h              _gu8v_FactoryDebounce
     03f6h              _gu8v_FunMotoOffDebounce
     03f4h              _gu8v_FunMotoOnDebounce
     03fbh              _gu8v_FunNumDisValue
     04f1h              _gu8v_FunPressureFullAdcCnt
     04f2h              _gu8v_FunPressureLowAdcCnt
     05f5h              _gu8v_FunPressureNoFullCmp
     058dh              _gu8v_FunPwmDelay
     058eh              _gu8v_FunPwmDuty
     058bh              _gu8v_FunPwmOutPinDelay
     04f7h              _gu8v_FunPwmOutPinDuty
     05beh              _gu8v_FunSensorHighPwmCnt
     05bfh              _gu8v_FunSensorLowPwmCnt
     05c1h              _gu8v_FunSensorPressureCnt
     0680h              _gu8v_IrBitCnt
     04f5h              _gu8v_IrDelay
     0681h              _gu8v_IrRecData
     02ffh              _gu8v_IrSampStep
     05ffh              _gu8v_IrSampling
     00ffh              _gu8v_JiaoTiMode
     00f4h              _gu8v_KeyBuf1
     00f9h              _gu8v_KeyBuf2
     00e0h              _gu8v_KeyBuf3
     03f1h              _gu8v_KeyDebounce
     03f0h              _gu8v_KeyLongDelay
     04f6h              _gu8v_KeyOffDebounce
     01feh              _gu8v_LockDelay60S
     05f1h              _gu8v_LvdDebounce
     03fah              _gu8v_NumDisTemp
     00feh              _gu8v_PowerOnDelay
     00fdh              _gu8v_PreKeyDownDisTime
     00f3h              _gu8v_PressureMode
     05c2h              _gu8v_PressureModeCopy
     00dfh              _gu8v_RfBitCycle
     0585h              _gu8v_RfBitDuty
     05a4h              _gu8v_RfIdCopyKeyCnt
     05f0h              _gu8v_RfIdCopyLedDisStep
     0586h              _gu8v_RfIdCopyTime
     00f8h              _gu8v_RfSendBitCnt
     0584h              _gu8v_RfSendByteCnt
     05c3h              _gu8v_RfSendCycle
     03feh              _gu8v_RfSendStep
     0687h              _gu8v_TimerMode
     05a5h              _gu8v_UartDelayClearRxIndex
     05c4h              _gu8v_UartRxBuf
     05b8h              _gu8v_UartRxLength
     05d8h              _gu8v_UartTxBuf
     05f3h              _gu8v_UartTxIndex
     05f2h              _gu8v_UartTxLength
     05a3h              _gu8v_VoicePluse
     00e5h              _gu8v_WorkMode
     0db9h              _read_eeprom
     0e53h              _writer_eeprom
     00c4h              _writer_eeprom_2
     00bdh              r120
     00beh              r220
     0689h              r320
     068ah              r420
     068bh              r520
     068ch              r620
     068dh              r720
     00b6h              ra
     00bfh              ra20
     00b7h              rb
     00c0h              rb20
     00b8h              rc
     00c1h              rc20
     00b9h              rd
     00bah              re
     00bbh              rf
     00bch              rg

     Address            Public by Value
     0003h              _R_NumTable
     0008h              _InitIoPort
     0010h              _Crom2Prom
     0010h              _Crom2PromNext
     001eh              _USER_PROGRAM_HALT_PREPARE
     001fh              _USER_PROGRAM_HALT_WAKEUP
     0028h              _GETTKTMRSENS
     002bh              _GETSAMPLEWINDOWLIMIT
     002fh              _GETPONRESETTIMES
     0031h              _PONDIVRESET
     0037h              _GETHYSTERESIS
     0039h              _LOAD_TKS_GLOBE_VARIES
     0060h              _TOUCHKEYRAMRESET
     0060h              _AUTOCHECKTOUCHIO
     0060h              _GET_LIB_VER
     0063h              _GET_KEY_BITMAP
     0067h              _GET_RCC_VALUE
     006ah              _GET_ENV_VALUE
     006bh              _GET_REF_VALUE
     007ah              _BS66F360C_CTOUCH_HALT_WAKEUP
     007ah              _CHECK_KEY_ENTER_HALT
     007bh              _BS66F360C_CTOUCH_RETURN_MAIN
     007bh              HALT_SAMPLING
     007bh              _BS66F360C_CTOUCH_HALT_PREPARE
     007bh              HALT_SAVE_DATA
     0080h              _GLOBE_VARIES
     0084h              _STANDBY_TIME
     0085h              _STANDBY_TIME_CTRL
     0086h              _TKS_TIME_BASE
     0087h              TKS_STACK
     008ch              _KEY_IO_SEL
     0090h              _KEY_DATA
     0094h              TKM_BUF
     009fh              KEY_DBCE
     00a0h              KEY_STATE_BUF
     00a1h              CHANNEL_INDEX
     00a2h              BALANCE_BUF
     00a5h              SAMPLE_TIMES
     00a6h              TKS_TIMER
     00a9h              SENS_CTRL
     00aah              HALT_CAL_TIME
     00abh              _TKS_FLAGA
     00adh              _DATA_BUF
     00b5h              _HALT_STATE
     00b6h              ra
     00b7h              rb
     00b8h              rc
     00b9h              rd
     00bah              re
     00bbh              rf
     00bch              rg
     00bdh              r120
     00beh              r220
     00bfh              ra20
     00c0h              rb20
     00c1h              rc20
     00c4h              _writer_eeprom_2
     00c7h              _EEPROM_WriteBytes_2
     00cdh              _WorkModeFlag
     00ceh              _WorkFlag5
     00cfh              _DcfFlag1
     00d0h              _WorkFlag4
     00d1h              _TimeFlag1
     00d2h              _WorkFlag6
     00d3h              _KeyFlag1
     00d4h              _KeyFlag2
     00d5h              _WorkFlag1
     00d6h              _WorkFlag2
     00d7h              _gu8v_AbFangQiTime
     00d8h              _gu8v_AbNumDisValue
     00d9h              _gu16v_AbSensroCmp
     00dbh              _WorkFlag3
     00dch              _gu16v_JiaoTiTimeCnt
     00deh              _KeyFlag3
     00dfh              _gu8v_RfBitCycle
     00e0h              _gu8v_KeyBuf3
     00e1h              _gu16v_FunAdcZeroData
     00e3h              _gu16v_AbAdcZeroData
     00e5h              _gu8v_WorkMode
     00e6h              _gu8v_BeepTime
     00e7h              _gu8v_433ByteCnt
     00e8h              _gu8v_433BitCnt
     00e9h              _gu8v_433_L_Cnt
     00eah              _gu8v_CalModeIndex
     00ebh              _gu16v_Fun7P5mmHgData
     00edh              _gu16v_FunAdcSensor
     00efh              _gu16v_AdcValue2
     00f1h              _gu16v_AdcValue1
     00f3h              _gu8v_PressureMode
     00f4h              _gu8v_KeyBuf1
     00f5h              _gu16v_AutoModeCycle
     00f7h              _TimeFlag2
     00f8h              _gu8v_RfSendBitCnt
     00f9h              _gu8v_KeyBuf2
     00fah              _gu8v_433_H_cnt
     00fbh              _gu16v_AbPressureLowErrTimeCnt
     00fdh              _gu8v_PreKeyDownDisTime
     00feh              _gu8v_PowerOnDelay
     00ffh              _gu8v_JiaoTiMode
     0135h              _BS66F360C_CTOUCH
     014ch              _BS66F360C_CTOUCH_INITIAL
     014dh              _LIBRARY_RESET
     0168h              _GETSAMPLEWINDOWLIMIT_RET
     0180h              _KEY_REF
     01a8h              _LOAD_BALCAP
     01b0h              __LOAD_BALCAP
     01b8h              _KEY_THR
     01d4h              _KEY_STATUS
     01f0h              _gu16v_FunSensroCmp
     01f2h              _gu16v_Fun150CalDataEe
     01f4h              _gu16v_EeTemp
     01f6h              _gu16v_Ab150CalDataEe
     01f8h              _gu16v_Ab7P5mmHgData
     01fah              _gu16v_JiaoTiTimeCmp
     01fch              _gu16v_JiaoTiTime
     01feh              _gu8v_LockDelay60S
     01ffh              _gu8v_AbPressureFullAdcCnt
     023ch              _TKM_RESET
     0280h              _BALANCE_CAP
     02bch              _PON_CALIBRATE_ENTER
     02f0h              _gu16v_FunAdcZeroDataSum
     02f2h              _gu8v_AbPressureNoFullAdcCnt
     02f3h              _gu16v_AbAdcZeroDataSum
     02f5h              _gu16v_ABAdcSensor
     02f7h              _gu16v_AdMinTemp2
     02f9h              _gu16v_AdMaxTemp2
     02fbh              _gu16v_AdMinTemp1
     02fdh              _gu16v_AdMaxTemp1
     02ffh              _gu8v_IrSampStep
     03f0h              _gu8v_KeyLongDelay
     03f1h              _gu8v_KeyDebounce
     03f2h              _gu8v_BeepCnt
     03f3h              _gu8v_AbMotoOnDebounce
     03f4h              _gu8v_FunMotoOnDebounce
     03f5h              _gu8v_AbMotoOffDebounce
     03f6h              _gu8v_FunMotoOffDebounce
     03f7h              _gu8v_7KpDebounce
     03f8h              _gu8v_12KpDebounce
     03f9h              GET_M3_LIMIT_MPX
     03f9h              _gu8v_AbSensorPressureCnt
     03fah              _gu8v_NumDisTemp
     03fbh              _gu8v_FunNumDisValue
     03fch              _gu16v_AbNumDisValueOld
     03fdh              GET_M11_LIMIT_MPX
     03feh              _gu8v_RfSendStep
     03ffh              _gu8v_AbGetAdcZeroCnt
     0402h              GET_KEY_REF_MPX
     0406h              GET_KEY_THR_MP1
     040bh              _SET_KEY_THR
     040eh              _GET_KEY_AMOUNT
     04f0h              _gu8v_FactoryDebounce
     04f1h              _gu8v_FunPressureFullAdcCnt
     04f2h              _gu8v_FunPressureLowAdcCnt
     04f3h              _gu8v_AbPressureLowNorAdcCnt
     04f4h              _gu8v_AdSampCnt1
     04f5h              _gu8v_IrDelay
     04f6h              _gu8v_KeyOffDebounce
     04f7h              _gu8v_FunPwmOutPinDuty
     04f8h              _gu8v_AbPwmOutPinDuty
     04f9h              _gu8v_Delay1S
     04fah              _gu8v_Delay500mS
     04fbh              _gu8v_Delay50mS
     04fch              _gu8v_Delay100mS
     04fdh              _gu8v_Delay5mS
     04feh              _gu16v_IdData
     00abh[0]           _FORCE_CALIBRATEF
     00abh[1]           _TKS_ACTIVEF
     00abh[2]           _SCAN_CYCLEF
     00abh[3]           _ANY_KEY_PRESSF
     00abh[4]           _TKS_63MSF
     00abh[5]           _TKS_250MSF
     00abh[6]           _TKS_500MSF
     00ach[0]           _TOUCH_POWER_SAVEF
     0580h              _gu8v_AbSensorDisCnt
     0581h              _gu16v_AbPressureLowErrTimeCmp
     0583h              _gu8v_AbNumDisCurrentValue
     0584h              _gu8v_RfSendByteCnt
     0585h              _gu8v_RfBitDuty
     0586h              _gu8v_RfIdCopyTime
     0587h              _gu16v_Fun150CalDataEeCopy
     0589h              _gu16v_Ab150CalDataEeCopy
     058bh              _gu8v_FunPwmOutPinDelay
     058ch              _gu8v_AbPwmOutPinDelay
     058dh              _gu8v_FunPwmDelay
     058eh              _gu8v_FunPwmDuty
     058fh              _gu8v_AbPwmDelay
     0590h              _gu8v_AbPwmDuty
     0591h              _gu8v_BeepType
     0592h              _gu8v_Delay10mS
     0593h              _gu8v_DisplayBuf
     05a1h              _gu16v_FunPressureLowErrTimeCnt
     05a3h              _gu8v_VoicePluse
     05a4h              _gu8v_RfIdCopyKeyCnt
     05a5h              _gu8v_UartDelayClearRxIndex
     05a6h              _gu8v_AcOffDebounce
     05a7h              _gu8v_Delay1mS
     05a8h              _gu8v_433RecValue
     05aeh              _gu8v_AbSensorLowPwmCnt
     05afh              _gu16v_FunPressureLowErrTimeCmp
     05b1h              _gu8v_433RecData
     05b7h              _gu8v_ButtonOnTkDelay
     05b8h              _gu8v_UartRxLength
     05b9h              _gu8v_BatNormalCnt
     05bah              _gu8v_BatLowCnt
     05bbh              _gu8v_AdSampCnt2
     05bch              _gu16v_KeyBuffer
     05beh              _gu8v_FunSensorHighPwmCnt
     05bfh              _gu8v_FunSensorLowPwmCnt
     05c0h              _gu8v_AbSensorHighPwmCnt
     05c1h              _gu8v_FunSensorPressureCnt
     05c2h              _gu8v_PressureModeCopy
     05c3h              _gu8v_RfSendCycle
     05c4h              _gu8v_UartRxBuf
     05d8h              _gu8v_UartTxBuf
     05ech              _gu8v_433CopyIdData1
     05f0h              _gu8v_RfIdCopyLedDisStep
     05f1h              _gu8v_LvdDebounce
     05f2h              _gu8v_UartTxLength
     05f3h              _gu8v_UartTxIndex
     05f4h              _gu8v_CalDcfScan
     05f5h              _gu8v_FunPressureNoFullCmp
     05f6h              _gu16v_FunSensroCalCopy
     05f8h              _gu8v_AbPressureNoFullCmp
     05f9h              _gu16v_AbSensroCalCopy
     05fbh              _gu16v_CalData
     05fdh              _gu8v_12vOutDebounce
     05feh              _gu8v_12vInDebounce
     05ffh              _gu8v_IrSampling
     0680h              _gu8v_IrBitCnt
     0681h              _gu8v_IrRecData
     0685h              _gu16v_KeyValue
     0687h              _gu8v_TimerMode
     0688h              _gu8v_BeepStep
     0689h              r320
     068ah              r420
     068bh              r520
     068ch              r620
     068dh              r720
     06e9h              _MF2_ISR
     08b1h              _Time_Base
     08fch              __DELAYX6
     08fch              __DELAYX5
     08fdh              __DELAYX4
     08fdh              __DELAYX3
     08feh              __DELAYX2
     08feh              __DELAYX1
     08ffh              __DELAYX0
     0906h              _SendByte
     0922h              _SendCommand
     0932h              _builtin_holtek_udivmodqi4_isr00
     094bh              _Dis_SetDisBufferAll
     095bh              _Display_Task
     0aa7h              _builtin_holtek_mulhi3_isr00
     0abah              _GetSensorCalAdcData_Task
     0b11h              _FunPressure_Task
     0d82h              _Fun_IoConProcess
     0db9h              _read_eeprom
     0dcbh              _EEPROM_ReadBytes
     0e0ch              _builtin_holtek_udivmodhi4_isr00
     0e31h              _Beep
     0e53h              _writer_eeprom
     0e66h              _EEPROM_WriteBytes
     0e9eh              _Fun_PublicProcess
     0fb6h              _Fun_GenVoicePluse
     0fcdh              _Init_TimerReg
     0fdeh              _Work_SensorAdcRegInit
     1000h              _Work_StatusRegInit
     1037h              _Fun_InitWorkOnMode
     104bh              _Fun_WorkOffMode
     105ch              _FactoryMode_Task
     1070h              _Fun_InitWorkOffMode
     1075h              _Fun_PowerOnMode
     107ch              _Fun_JiaoTiModeProcess
     10c5h              _Fun_EnterJiaotiMode
     10d2h              _Fun_FirstEnterFunMode
     10e0h              _Fun_KeyPressedProcess
     124dh              _Fun_WorkOnMode
     129bh              _Fun_IrRecKeyProcess
     12deh              _Function_Task
     12f3h              _Read_AdcValue
     1307h              _ADC_Task
     1499h              _Fun_CalModeProcess
     14cfh              _Key_Task
     155eh              _USER_PROGRAM
     157dh              _User_Init
     158eh              _Sys_Init
     15e8h              _USER_PROGRAM_INITIAL
     15ebh              _USER_PROGRAM_RETURN_MAIN
     15ech              _Beep_Task


ROM Usage Statistics
    Bank      Size      Used     Percentage
     00h       2000h     1621h    69%
     01h       2000h     0000h    0%
     Total     4000h     1621h    34%

RAM Usage Statistics
    Bank      Size      Used     Percentage
     00h       0080h     0080h    100%
     01h       0080h     0080h    100%
     02h       0080h     0080h    100%
     03h       0080h     0080h    100%
     04h       0080h     0080h    100%
     05h       0080h     0080h    100%
     06h       0080h     000eh    10%
     07h       0080h     0000h    0%
     Total     0400h     030eh    76%

Use Stack Count
_USER_PROGRAM_INITIAL: 2
_USER_PROGRAM: 4
_MF2_ISR: 1

Call Tree
    _USER_PROGRAM_INITIAL
        _Sys_Init (0)
        _User_Init (0)
            _Work_StatusRegInit (1)
            _Work_SensorAdcRegInit (1)
            _Init_TimerReg (1)
    _USER_PROGRAM
        _GET_KEY_BITMAP (0)
        _Key_Task (0)
            _Fun_CalModeProcess (1)
                _Beep (2)
        _ADC_Task (0)
            _Read_AdcValue (1)
            _builtin_holtek_divmodhi4_isr00 (1)
            _builtin_holtek_divmodqi4_isr00 (1)
        _Function_Task (0)
            _Fun_IrRecKeyProcess (1)
            _Fun_WorkOnMode (1)
                _Fun_KeyPressedProcess (2)
                    _Fun_GenVoicePluse (3)
                    _Init_TimerReg (3)
                    _Beep (3)
                    _Fun_FirstEnterFunMode (3)
                    _Fun_EnterJiaotiMode (3)
                    _Work_SensorAdcRegInit (3)
                _Fun_GenVoicePluse (2)
                _Fun_JiaoTiModeProcess (2)
            _Fun_PowerOnMode (1)
                _Fun_InitWorkOffMode (2)
                _FactoryMode_Task (2)
                    _Init_TimerReg (3)
            _Fun_WorkOffMode (1)
                _Beep (2)
                _Fun_InitWorkOnMode (2)
                _Work_StatusRegInit (2)
                _Work_SensorAdcRegInit (2)
                _Init_TimerReg (2)
                _Fun_GenVoicePluse (2)
            _Fun_PublicProcess (1)
                _EEPROM_WriteBytes (2)
                    _writer_eeprom (3)
                    _read_eeprom (3)
                _Beep (2)
                _builtin_holtek_divmodhi4_isr00 (2)
                _EEPROM_ReadBytes (2)
                    _read_eeprom (3)
        _Fun_IoConProcess (0)
        _FunPressure_Task (0)
            _GetSensorCalAdcData_Task (1)
            _builtin_holtek_mulhi3_isr00 (1)
        _Display_Task (0)
            _Dis_SetDisBufferAll (1)
            _builtin_holtek_divmodqi4_isr00 (1)
            _Crom2Prom (1)
            _InitIoPort (1)
            _SendCommand (1)
                _SendByte (2)
                    __DELAYX (3)
            _SendByte (1)
                __DELAYX (2)
        _Time_Base (0)
    @dummy32
        _MF2_ISR (0)
            _Crom2Prom (1)

HLINK : 程序的开始执行点在程序段'PROGRAM_ENTRY'（地址0）。定义在'D:\HF\MDST\Code\BS66F360C_CTOUCH_V512_HF-SC10B-20250630\BS66F360C_CTOUCH_V512_HF-SC10B\BS66F360C\OUTPUT\MAIN_PROGRAM_V300.OBJ' 文件中

错误总数 : 0  警告总数 : 0
